Selected deferred-span reproduction and verification

RUN /opt/homebrew/opt/python@3.14/bin/python3.14 research/deferred-span-frames/producer.py
built 23 78513 regions
built 25 108756 regions
matched 59832 seconds 11.882439136505127
matched 84403 seconds 15.697519063949585
carry exchanges 0 773
carry exchanges 1 144
carry exchanges 2 163
carry two-cycles 0 290
carry two-cycles 1 0
compile 23 0 8 reclaimed 0 seconds 33.35957384109497
compile 23 5000 16067 reclaimed 0 seconds 34.1931791305542
compile 23 10000 17762 reclaimed 85 seconds 34.573320150375366
compile 23 15000 19713 reclaimed 481 seconds 35.09065008163452
compile 23 20000 20574 reclaimed 830 seconds 35.50308704376221
compile 23 25000 20946 reclaimed 872 seconds 35.79636001586914
compile 23 30000 21454 reclaimed 943 seconds 36.1649808883667
compile 23 35000 21783 reclaimed 1127 seconds 36.573046922683716
compile 23 40000 22005 reclaimed 1154 seconds 36.92308688163757
compile 23 45000 22192 reclaimed 1191 seconds 37.29716491699219
compile 23 50000 22422 reclaimed 1237 seconds 37.697307109832764
compile 23 55000 22690 reclaimed 1294 seconds 38.143259048461914
compile 23 60000 23190 reclaimed 1441 seconds 38.73359704017639
compile 23 65000 23873 reclaimed 1701 seconds 39.41221213340759
compile 23 70000 25253 reclaimed 2183 seconds 40.4605028629303
compile 23 75000 26409 reclaimed 2231 seconds 41.188230991363525
PASS fresh deferred-span package word h=23, roles=26409
carry exchanges 0 634
carry exchanges 1 17
carry exchanges 2 10
carry two-cycles 0 46
carry two-cycles 1 0
compile 25 0 6 reclaimed 0 seconds 52.01127314567566
compile 25 5000 17350 reclaimed 0 seconds 59.93783617019653
compile 25 10000 22298 reclaimed 0 seconds 94.71854591369629
compile 25 15000 24820 reclaimed 549 seconds 96.36481809616089
compile 25 20000 25526 reclaimed 749 seconds 97.29465198516846
compile 25 25000 26893 reclaimed 1107 seconds 98.41003394126892
compile 25 30000 27038 reclaimed 1143 seconds 98.7609212398529
compile 25 35000 27532 reclaimed 1341 seconds 99.54574799537659
compile 25 40000 27668 reclaimed 1353 seconds 99.872563123703
compile 25 45000 27858 reclaimed 1399 seconds 100.2889769077301
compile 25 50000 28019 reclaimed 1423 seconds 100.65119123458862
compile 25 55000 28202 reclaimed 1474 seconds 101.10349011421204
compile 25 60000 28412 reclaimed 1474 seconds 101.64787411689758
compile 25 65000 28727 reclaimed 1496 seconds 102.51548290252686
compile 25 70000 28906 reclaimed 1562 seconds 103.18344402313232
compile 25 75000 29245 reclaimed 1693 seconds 104.49228096008301
compile 25 80000 29533 reclaimed 1720 seconds 105.60260796546936
compile 25 85000 30144 reclaimed 1759 seconds 110.21693396568298
compile 25 90000 31020 reclaimed 2006 seconds 117.00991916656494
compile 25 95000 32922 reclaimed 2600 seconds 164.50793194770813
compile 25 100000 34103 reclaimed 2620 seconds 165.27142906188965
compile 25 105000 34749 reclaimed 2635 seconds 165.9458830356598
PASS fresh deferred-span package word h=25, roles=34749

RUN /opt/homebrew/opt/python@3.14/bin/python3.14 research/deferred-span-frames/graph_audit.py
PASS independent aligned-partition graph audit h=23 and h=25

RUN /opt/homebrew/opt/python@3.14/bin/python3.14 research/deferred-span-frames/primitive_check.py
PASS: dirty two/three-carrier reconstruction, both orientations, monotone ranks, 7 negative controls

RUN /opt/homebrew/opt/python@3.14/bin/python3.14 research/deferred-span-frames/check.py
profiles 10000 of 189802
profiles 20000 of 189802
profiles 30000 of 189802
profiles 40000 of 189802
CRT matrices 5083 differing modular profiles 0
RANKONE h 23 longest 21 output /var/folders/4y/j74qpf6s40540trhptstlxt40000gn/T/deferred-span-check-r9mqtct0/word-23.bin.profiles.json
PASS full dirty replay, literal transitions, exact profiles h=23
profiles 10000 of 260123
profiles 20000 of 260123
profiles 30000 of 260123
profiles 40000 of 260123
profiles 50000 of 260123
CRT matrices 5955 differing modular profiles 0
RANKONE h 25 longest 23 output /var/folders/4y/j74qpf6s40540trhptstlxt40000gn/T/deferred-span-check-r9mqtct0/word-25.bin.profiles.json
PASS full dirty replay, literal transitions, exact profiles h=25
EXACT 5.279858969335e-05 1055971793867/20000000000000000 W 130427779 roles [26409, 34749] gain71% 2.691730264000166
PASS exact moment, next-grid exclusions, 47 inequalities and seven margins

RUN /opt/homebrew/opt/python@3.14/bin/python3.14 research/deferred-span-frames/independent_check.py
PASS independent exact moment, paid profile, 47 constraints and seven margins
PASS independent finite arithmetic and frozen source audit

changed_generated_artifacts=[]
exit_code=0
