PR117 graph matched 91770 8120 71185 28705
PR117 frames lifted 39989
R12 frame optimization {'pass_index': 0, 'moves': 16031, 'shrink': 16031, 'grow': 0, 'radical_completions': 0, 'integer_score_gain': 49871856783307}
R12 frame optimization {'pass_index': 1, 'moves': 2, 'shrink': 0, 'grow': 2, 'radical_completions': 0, 'integer_score_gain': 5545177444}
R12 frame optimization {'pass_index': 2, 'moves': 0, 'shrink': 0, 'grow': 0, 'radical_completions': 0, 'integer_score_gain': 0}
PR117 candidates 15150
PR117 placed 4706
{"status": "PASS new-composition intermediate adapter and exact full input supports", "roles": 28705, "operations": 120475, "deferred": 4706, "shrunk_frames": 16029, "checkpoint_sha256": "4efe6de84e3de3c34219e1e5d569adfeb4cc41f3e05293b0d9365b3b9dc8fc1d"}
{
  "status": "PASS from-source graph and exact selected geometry regeneration",
  "canonical_geometry_sha256": "b2c682231b2d145b8f46f9ccfddb5aa9332feee069a40633bf8ca2144e624bc5",
  "selected_fixture_sha256": "3e3b2158ebad61910433735562de52d51c2bf803474662e90b7c478f90112a83",
  "reproduced_pickle_sha256": "d2b0615d1f9b8bd1e690a8ae09a0dd0659921bcb49dad24fa9f982793df2805f",
  "original_runtime_imports_sha256": "15d6082c8dd8f32f91ffc23a309dfcdcbb5bfc7c0d2512a2a145d0356b838286",
  "wrapper_sha256": "66b8ca8acf3ba714b5821ab37eb2ee31d57f3adcc6253e3710d1b05ff3d40f08",
  "stage_seconds": {
    "graph_build_and_input_checks": 0.14211129199247807,
    "carrier_matching": 0.38671950000571087,
    "frame_lifting": 13.580551624996588,
    "role_compilation": 0.2204470409778878,
    "frame_endpoint_optimization": 18.26809308398515,
    "source_values_and_phase_reach": 0.15818158304318786,
    "deferral_placement": 0.55275808298029,
    "F2_and_complete_profile": 11.803515083971433,
    "all_input_adapter": 1.1176322910469025,
    "prune_recorded_moves_and_complete_frame_checks": 0.9517876669997349,
    "coordinates_recorded_moves_and_complete_frame_checks": 0.0917438329779543,
    "expansion_recorded_moves_and_complete_frame_checks": 0.2138196669984609
  },
  "total_seconds": 48.463009166996926,
  "scalar_dirty_word_replay": "Not repeated here; enclosing selected physical word has separate full exact rational source/dirty and reflection audits.",
  "scope": "All geometric keys regenerated and compared, excluding descriptive base_profile metadata. Pickle bytes may differ. Explicit recorded legal moves reproduce a selected witness; no heuristic-search or global-optimality claim."
}
