/Applications/Xcode.app/Contents/Developer/usr/bin/make verify-community
python3 scripts/audit_community_candidate.py --check docs/research/community-audit-arithmetic.json
PASS independent moments, seven margins and all 32 RaD source hashes
python3 scripts/audit_followup_candidate.py --candidate-root . --check docs/research/community-followup-arithmetic.json
PASS independent PR49 moments, rank mass, seven margins and strict arithmetic
mkdir -p build/copied-reversed/producer
python3 scripts/copied_centers_producer.py --work-dir build/copied-reversed/producer --output build/copied-reversed/producer.json
Checking 47 exact rational pivots and 315 weight-independent zero minors
Regenerating only new complex h=28, d=19 scalar producer
h=28 phase 1 length 1 gained 12776 total 12776
h=28 phase 2 length 2 gained 3 total 12779
python3 research/copied-reversed/geometry.py
PASS EXACT REVERSED23/25 GEOMETRY; PR36 PHYSICAL INTEGRATION SEPARATE [1, 1, 1, 1, 1, 1, 1, 1, 1, 21, 17, 481] 47
python3 research/copied-reversed/witness.py
PASS bit=962729831/25000000000000; kappa=3850771033/100000000000000;47 strict constraints;7 margins;stock2000
python3 -m unittest discover -s tests -p 'test_copied_reversed.py' -v
test_actual_next_bit_exclusion (test_copied_reversed.CopiedReversedTests.test_actual_next_bit_exclusion) ... ok
test_disjoint_accounting (test_copied_reversed.CopiedReversedTests.test_disjoint_accounting) ... ok
test_enlarged_E_and_row_failures (test_copied_reversed.CopiedReversedTests.test_enlarged_E_and_row_failures) ... ok
test_float_rejected (test_copied_reversed.CopiedReversedTests.test_float_rejected) ... ok
test_frozen_witness (test_copied_reversed.CopiedReversedTests.test_frozen_witness) ... ok
test_full_constraints_and_margins (test_copied_reversed.CopiedReversedTests.test_full_constraints_and_margins) ... ok
test_full_geometry (test_copied_reversed.CopiedReversedTests.test_full_geometry) ... ok
test_geometry_bad_rankcut (test_copied_reversed.CopiedReversedTests.test_geometry_bad_rankcut) ... ok
test_geometry_bad_source (test_copied_reversed.CopiedReversedTests.test_geometry_bad_source) ... ok
test_negative_controls (test_copied_reversed.CopiedReversedTests.test_negative_controls) ... ok
test_rank_preserving_child_mutation_fails (test_copied_reversed.CopiedReversedTests.test_rank_preserving_child_mutation_fails) ... ok
test_source_pin_corruption (test_copied_reversed.CopiedReversedTests.test_source_pin_corruption) ... ok

----------------------------------------------------------------------
Ran 12 tests in 0.084s

OK
mkdir -p build/copied-fixed-reversed/producer
python3 research/copied-fixed-reversed/producer.py --work-dir build/copied-fixed-reversed/producer --output build/copied-fixed-reversed/producer.json
2026-10-09 23:19:39.895 xcodebuild[26169:2607379]  DVTFilePathFSEvents: Failed to start fs event stream.
2026-10-09 23:19:40.075 xcodebuild[26169:2607378] [MT] DVTDeveloperPaths: Failed to get length of DARWIN_USER_CACHE_DIR from confstr(3), error = Error Domain=NSPOSIXErrorDomain Code=5 "Input/output error". Using NSCachesDirectory instead.
h=25 phase 1 length 1 gained 1589 total 1589
PASS fresh base-two h25 original/positive producer and five-prime profile; matrices=96273
python3 research/copied-fixed-reversed/review/fixed25_copied_crt_audit.py --work-dir build/copied-fixed-reversed/producer --record build/copied-fixed-reversed/producer.json --profiler-source research/copied-fixed-reversed/full_profiles25.cpp --output build/copied-fixed-reversed/crt-audit.json
python3 research/copied-fixed-reversed/geometry.py --full
PASS fixed25 geometry:2300 triples,108100 prefixes,25 copied-center complements; replay=True
python3 research/copied-fixed-reversed/witness.py
PASS bit=3886826921/100000000000000;kappa=971668963/25000000000000;47constraints;7margins;27classes;p^2000
python3 -m unittest discover -s tests -p 'test_copied_fixed_reversed.py'
..........
----------------------------------------------------------------------
Ran 10 tests in 0.022s

OK
/Applications/Xcode.app/Contents/Developer/usr/bin/make copied-fixed-verify
python3 research/copied-fixed/producer.py
Rebuilding scalar graph, original labels and fixed profiles, h=23
profiles 10000 of 139675
profiles 20000 of 139675
profiles 30000 of 139675
profiles 40000 of 139675
profiles 50000 of 139675
profiles 60000 of 139675
CRT matrices 5379 differing modular profiles 0
RANKONE h 23 longest 21 output /var/folders/0n/m73y05j964df1jygn7j1nxy40000gn/T/copied-fixed-3v36i7xv/h23.bin.round3_rankone_certified_profiles.json
PASS complete physical timeline and every dirty basis vector, both orientations h=23
PASS complete h=23 supports, all matching uses, rank count and CRT profiles
Rebuilding scalar graph, original labels and fixed profiles, h=25
profiles 10000 of 185559
profiles 20000 of 185559
profiles 30000 of 185559
profiles 40000 of 185559
profiles 50000 of 185559
profiles 60000 of 185559
profiles 70000 of 185559
profiles 80000 of 185559
profiles 90000 of 185559
CRT matrices 7186 differing modular profiles 0
RANKONE h 25 longest 23 output /var/folders/0n/m73y05j964df1jygn7j1nxy40000gn/T/copied-fixed-3v36i7xv/h25.bin.round3_rankone_certified_profiles.json
PASS complete physical timeline and every dirty basis vector, both orientations h=25
PASS complete h=25 supports, all matching uses, rank count and CRT profiles
Checking all 4,073,300 actual fixed-basis data pairs
checked first triples 250 of 1771
checked first triples 500 of 1771
checked first triples 750 of 1771
checked first triples 1000 of 1771
checked first triples 1250 of 1771
checked first triples 1500 of 1771
Traceback (most recent call last):
  File "/private/tmp/integer-mult-improvement/research/copied-fixed/producer.py", line 200, in <module>
    result = run(Path(directory))
  File "/private/tmp/integer-mult-improvement/research/copied-fixed/producer.py", line 178, in run
    actual_data=json.loads(subprocess.check_output([str(data_exe)],text=True))
                           ~~~~~~~~~~~~~~~~~~~~~~~^^^^^^^^^^^^^^^^^^^^^^^^^^^
  File "/opt/homebrew/Cellar/python@3.14/3.14.7/Frameworks/Python.framework/Versions/3.14/lib/python3.14/subprocess.py", line 473, in check_output
    return run(*popenargs, stdout=PIPE, timeout=timeout, check=True,
           ~~~^^^^^^^^^^^^^^^^^^^^^^^^^^^^^^^^^^^^^^^^^^^^^^^^^^^^^^
               **kwargs).stdout
               ^^^^^^^^^
  File "/opt/homebrew/Cellar/python@3.14/3.14.7/Frameworks/Python.framework/Versions/3.14/lib/python3.14/subprocess.py", line 557, in run
    stdout, stderr = process.communicate(input, timeout=timeout)
                     ~~~~~~~~~~~~~~~~~~~^^^^^^^^^^^^^^^^^^^^^^^^
  File "/opt/homebrew/Cellar/python@3.14/3.14.7/Frameworks/Python.framework/Versions/3.14/lib/python3.14/subprocess.py", line 1208, in communicate
    stdout = self.stdout.read()
KeyboardInterrupt
make[2]: *** [copied-fixed-producer] Interrupt: 2
make[1]: *** [verify-community] Interrupt: 2
make: *** [verify] Interrupt: 2
