profiles 10000 of 212264
profiles 20000 of 212264
profiles 30000 of 212264
profiles 40000 of 212264
profiles 50000 of 212264
CRT matrices 7466 differing modular profiles 0
RANKONE h 25 longest 23 output research/round7-scheduling/core-reverse25/transitions-25.bin.profiles.json
Traceback (most recent call last):
  File "/Users/dominik/integer-mult-bounds-incremental/research/round7-scheduling/screen.py", line 58, in <module>
    if __name__=='__main__':main()
                            ~~~~^^
  File "/Users/dominik/integer-mult-bounds-incremental/research/round7-scheduling/screen.py", line 52, in main
    assembly=refine.assemble(bridge,bit,Q(1,10**12),den)
  File "/Users/dominik/integer-mult-bounds-incremental/research/round6-pr71/baseline/references/frame-compiler/pr65/research/reordered-rank-pair/arithmetic/refine.py", line 69, in assemble
    preliminary = balanced.assembly(bridge, saving, Q(1, denominator), h=h)
  File "/Users/dominik/integer-mult-bounds-incremental/research/round6-pr71/baseline/references/frame-compiler/pr65/references/frame-compiler/pr48/research/copied-fixed/balanced_assembly.py", line 109, in assembly
    f = validate_bridge(finite_bridge)
  File "/Users/dominik/integer-mult-bounds-incremental/research/round6-pr71/baseline/references/frame-compiler/pr65/references/frame-compiler/pr48/research/copied-fixed/balanced_assembly.py", line 65, in validate_bridge
    require(integer(data['wire_bits']) == bits, name + ' stale role logarithm')
    ~~~~~~~^^^^^^^^^^^^^^^^^^^^^^^^^^^^^^^^^^^^^^^^^^^^^^^^^^^^^^^^^^^^^^^^^^^^
  File "/Users/dominik/integer-mult-bounds-incremental/research/round6-pr71/baseline/references/frame-compiler/pr65/references/frame-compiler/pr48/research/copied-fixed/balanced_assembly.py", line 25, in require
    raise InvalidAssembly(message)
inherited_assembly.InvalidAssembly: bit stale role logarithm
