python3 scripts/experiments/verify_joint_dual.py
built 23 36626 regions
augment 100 11854
augment 200 11954
matched 11974 seconds 1.1484110355377197
compile 23 0 6 reclaimed 0 seconds 1.150460958480835
compile 23 5000 16729 reclaimed 19 seconds 1.3829450607299805
compile 23 10000 20965 reclaimed 172 seconds 4.751070022583008
compile 23 15000 22929 reclaimed 607 seconds 8.139666080474854
compile 23 20000 25536 reclaimed 1200 seconds 14.451515913009644
compile 23 25000 28333 reclaimed 1562 seconds 25.638499975204468
compile 23 30000 30127 reclaimed 1786 seconds 37.7230658531189
compile 23 35000 30688 reclaimed 1853 seconds 42.33400297164917
PASS h=23: full dirty basis, exact frame path, every fixed-basis profile
built 25 48675 regions
augment 100 16090
augment 200 16190
matched 16276 seconds 1.9773039817810059
compile 25 0 6 reclaimed 0 seconds 1.9804480075836182
compile 25 5000 19564 reclaimed 0 seconds 2.091958999633789
compile 25 10000 25624 reclaimed 50 seconds 5.4210429191589355
compile 25 15000 28089 reclaimed 718 seconds 9.762521743774414
compile 25 20000 29883 reclaimed 986 seconds 13.643018007278442
compile 25 25000 32329 reclaimed 1785 seconds 21.294152975082397
compile 25 30000 35471 reclaimed 2135 seconds 34.883495807647705
compile 25 35000 37806 reclaimed 2408 seconds 50.39458990097046
compile 25 40000 39609 reclaimed 2613 seconds 68.25549483299255
compile 25 45000 40338 reclaimed 2711 seconds 76.99089312553406
PASS h=25: full dirty basis, exact frame path, every fixed-basis profile
PASS conditional kappa=4764513337/100000000000000; bit saving=2382370177/50000000000000
PASS exact recurrence, 47 strict inequalities, seven margins, eventual cutoffs
python3 -m unittest discover -s tests -p 'test_joint_reclaim.py' -v
test_aliased_terminal_role_is_rejected (test_joint_reclaim.JointReclamationControls.test_aliased_terminal_role_is_rejected) ... ok
test_complete_pr58_profile_fails_new_bit_saving (test_joint_reclaim.JointReclamationControls.test_complete_pr58_profile_fails_new_bit_saving) ... ok
test_missing_copied_center_is_rejected (test_joint_reclaim.JointReclamationControls.test_missing_copied_center_is_rejected) ... ok
test_non_nested_operation_frame_is_rejected (test_joint_reclaim.JointReclamationControls.test_non_nested_operation_frame_is_rejected) ... ok
test_omitted_literal_xor_is_rejected (test_joint_reclaim.JointReclamationControls.test_omitted_literal_xor_is_rejected) ... ok
test_omitted_transition_cannot_reduce_paid_profile (test_joint_reclaim.JointReclamationControls.test_omitted_transition_cannot_reduce_paid_profile) ... ok
test_optimized_python_is_rejected_by_every_new_entry (test_joint_reclaim.JointReclamationControls.test_optimized_python_is_rejected_by_every_new_entry) ... ok
test_selected_words_pass_independent_replay (test_joint_reclaim.JointReclamationControls.test_selected_words_pass_independent_replay) ... ok
test_self_xor_is_rejected (test_joint_reclaim.JointReclamationControls.test_self_xor_is_rejected) ... ok
test_understated_physical_width_is_rejected (test_joint_reclaim.JointReclamationControls.test_understated_physical_width_is_rejected) ... ok

----------------------------------------------------------------------
Ran 10 tests in 15.923s

OK
