
RUN saturation exact geometry and scalar controls
Immutable package and upstream Git blob hashes: PASS
Exact target-edge checks passed: 119
{
  "status": "PASS",
  "changed_count": 22,
  "dimension_increase": 25,
  "schedule_fields_identical": [
    "h",
    "R",
    "description",
    "ops",
    "hold",
    "start",
    "out",
    "ret",
    "node_dims",
    "late_dims",
    "vleaf_slots",
    "vleaf_start",
    "xs_order",
    "deferred_v_order",
    "claimed"
  ],
  "independent_exact_target_edges_checked": 119,
  "inherited_target_edges": 17902,
  "total_histogram_delta": {
    "509": -24794,
    "511": 56672,
    "507": -31878,
    "1": -177100
  },
  "preserved_rank": true,
  "seconds": 25.893284797668457,
  "limitations": [
    "Start-frame extraction uses pinned lifted-frame helper; all other matrix arithmetic in this review is local.",
    "Unchanged frame containment and generic pivots inherit separate complete baseline/candidate audits.",
    "Stage-two complementary time reversal and all-size tape/analytic transfer retain upstream proof assumptions."
  ]
}
[   89s] exact base frames: 64042 node frames (56460 lifted), 1396 late-copy intersections
[   89s] X. recorded frame dims == exact dims (64042 node frames, 1396 late-copy intersections)               PASS
[   89s] X. every slot moves along slot successors of the witness, starts at its use, ends at its root (28866 slots) PASS
[   90s] Q. sigma_u and s_i bases independent (rank mod 2^31-1 == row count; 11565 + 11374 frames, max |entry| 13) PASS
[  118s] Q. sigma_u <= F0(u) exactly (11565 deferred slots)                                                   PASS
[  118s] Q. sigma_u <= t_T^perp exactly for every Z-support target (a superset of the F2 targets)             PASS
[  122s] Q. deferred levels on every y_T nested in time order, exactly (Z targets 0 bad, F2 targets 0 bad)    PASS
[  132s] Q. G nondegenerate on every sigma_u and s_i (Gram det != 0 mod 2^31-1 => over Z)                     PASS
[  159s] Q. V leaves exactly: t_S <= s_i (0 bad), s_i <= N_i, the first frame of the use (0 bad), 11374 slots PASS
[  160s] Q. X_S chains nested exactly in time order (<t_S>, early V gates, deferred V gates, F; 1771 leaves)  PASS
[  163s] S. frames used only by the new steps: 4803, G-degenerate mod 2^31-1 0, reduction dimension mismatches 0 PASS
[  180s] S. side lemma (generic NE pivots, both conjugations, mod 2^31-1) on all 3084 new high-rank steps {'corner': 1049, 'slot': 16, 'ydata': 248, 'xdata': 1771} PASS
[  181s] F. round-six corner: rank sum == s (Z and F2 y supports), a_b = 62999/1000000000 (6.299900e-05), kappa = 314975156879/5000000000000000 (6.2995031e-05) ok=True, F2 a_b = 62999/1000000000 PASS
[  181s] F. staircase corner: rank sum == s (Z and F2 y supports), a_b = 31989/500000000 (6.397800e-05), kappa = 1599347676929/25000000000000000 (6.3973907e-05) ok=True, F2 a_b = 31989/500000000 PASS
[  181s] F. candidate: original headline equality inapplicable; candidate ledgers and exact certificates checked above PASS
[  181s] N. NEG reversed readout order breaks the y_T chains (11927 bad)                                      PASS
[  182s] N. NEG readouts at F0(u) instead of sigma_u break the y_T chains (3276 breaks on 300 targets)        PASS
[  182s] N. NEG perturbed sigma frames fail sigma <= F0 (200 / 200)                                           PASS
[  182s] N. NEG deferred V gates before the early ones break the X_S chains (1760 bad)                        PASS
[  182s] N. NEG side lemma with U = V = I fails (600 / 600)                                                   PASS
[  182s] ALL PASS
{"h": 23, "R": 28866, "v": 1771, "ops": 82983, "exact_F2": {"ok": true, "dirty_failures": 0, "output_failures": 0, "basis_columns": 30637, "phase1_ops": 10962, "rest_ops": 60647, "deferred_slots": 11565}, "integer_random_trials": 4, "negative_controls": {"drop_readout": {"ok": false, "dirty_failures": 0, "output_failures": 1, "basis_columns": 30637, "phase1_ops": 10962, "rest_ops": 60647, "deferred_slots": 11565}, "V_before_readout": {"ok": false, "dirty_failures": 0, "output_failures": 5, "basis_columns": 30637, "phase1_ops": 10962, "rest_ops": 60647, "deferred_slots": 11565}}, "integer_readout_entries": 1681205, "seconds": 6.758552074432373}
Exact frame delta, moment and historical slack sanity checks: PASS
Full theorem / global optimality: NOT CLAIMED

RUN round7_literal_frame_ledger
{
  "h": 23,
  "roles": 28866,
  "formal_basis": 32408,
  "events": 1080616,
  "frame_keys": 90173,
  "fan_groups_reordered_internally": [
    45859,
    45862,
    46139,
    46142,
    46409,
    46412,
    46681,
    46684,
    46943,
    46946,
    47207,
    47210,
    47461,
    47464,
    47717,
    47720,
    47963,
    47966,
    48211,
    48214,
    48449,
    48452,
    48689,
    48692,
    48919,
    48922,
    49151,
    49154,
    49373,
    49376,
    49597,
    49600,
    49811,
    49814,
    50027,
    50030,
    50233,
    50236,
    50441,
    50444,
    50639,
    50642,
    50839,
    50842,
    51029,
    51032,
    58136,
    58138,
    58140,
    58142,
    58144,
    58572,
    58574,
    58576,
    58578,
    58580,
    58988,
    58990,
    58992,
    58994,
    58996,
    59420,
    59422,
    59424,
    59426,
    59428,
    59832,
    59834,
    59836,
    59838,
    59840,
    60260,
    60262,
    60264,
    60266,
    60268,
    60668,
    60670,
    60672,
    60674,
    60676,
    61092,
    61094,
    61096,
    61098,
    61100,
    61496,
    61498,
    61500,
    61502,
    61504,
    61916,
    61918,
    61920,
    61922,
    61924,
    62316,
    62318,
    62320,
    62322,
    62324,
    62732,
    62734,
    62736,
    62738,
    62740,
    63128,
    63130,
    63132,
    63134,
    63136,
    63540,
    63542,
    63544,
    63546,
    63548,
    63932,
    63934,
    63936,
    63938,
    63940,
    64340,
    64342,
    64344,
    64346,
    64348,
    64728,
    64730,
    64732,
    64734,
    64736,
    65132,
    65134,
    65136,
    65138,
    65140,
    65516,
    65518,
    65520,
    65522,
    65524,
    65916,
    65918,
    65920,
    65922,
    65924,
    66296,
    66298,
    66300,
    66302,
    66304,
    66692,
    66694,
    66696,
    66698,
    66700,
    67068,
    67070,
    67072,
    67074
  ],
  "complete_forward_F2": true,
  "complete_reflected_F2": true,
  "reflected_frame_continuity": true,
  "all_scalar_gates_equal_frame_keys": true,
  "exterior_formula": "E1=I-I_tensor_Q+sigma_tensor_Q; E2=(I-P)_tensor_I+P_tensor_sigma; rank=m-h+dim(sigma)",
  "histogram_matches_external": true,
  "recursive_rank": 57403754177,
  "elapsed": 8.534765541990055,
  "limit_seconds": 180,
  "exact_chain_geometry": "Relies on separately replayed pinned check_frames and check_lifted. Rank labels alone do not prove geometry.",
  "scope": "Explicit one-axis forward/reflected events, scalar complete basis and exact accounting. Tensor endpoint identities proved separately; full complex/tape/precision and final assembly integration not established.",
  "new_multiplication_bound": false
}

RUN round7_tensor_endpoint_controls
{
  "rows": [
    {
      "h": 4,
      "sigma_rank": 0,
      "exterior_rank": 12,
      "all_identities": true
    },
    {
      "h": 4,
      "sigma_rank": 1,
      "exterior_rank": 13,
      "all_identities": true
    },
    {
      "h": 4,
      "sigma_rank": 2,
      "exterior_rank": 14,
      "all_identities": true
    },
    {
      "h": 4,
      "sigma_rank": 3,
      "exterior_rank": 15,
      "all_identities": true
    },
    {
      "h": 4,
      "sigma_rank": 4,
      "exterior_rank": 16,
      "all_identities": true
    },
    {
      "h": 5,
      "sigma_rank": 0,
      "exterior_rank": 20,
      "all_identities": true
    },
    {
      "h": 5,
      "sigma_rank": 1,
      "exterior_rank": 21,
      "all_identities": true
    },
    {
      "h": 5,
      "sigma_rank": 2,
      "exterior_rank": 22,
      "all_identities": true
    },
    {
      "h": 5,
      "sigma_rank": 3,
      "exterior_rank": 23,
      "all_identities": true
    },
    {
      "h": 5,
      "sigma_rank": 4,
      "exterior_rank": 24,
      "all_identities": true
    },
    {
      "h": 5,
      "sigma_rank": 5,
      "exterior_rank": 25,
      "all_identities": true
    }
  ],
  "negative_omitted_sigma_rejected": 9,
  "data_connectors_per_pair": 2,
  "connector_rank_formula": "(h-1)^2",
  "correction_rank": 1,
  "elapsed": 0.6422961250063963,
  "limit_seconds": 120,
  "scope": "Exact rational finite controls of general tensor identities; not a full all-size compiler, complex phase/precision or final multiplication theorem.",
  "new_multiplication_bound": false
}

RUN round6_complex_interface_controls
{
  "rows": [
    {
      "h": 8,
      "roles": 901,
      "formal_basis": 1013,
      "events": 6428,
      "forward": true,
      "inverse_opposite": true,
      "coefficient_bound": 12154,
      "negative_controls": 2
    },
    {
      "h": 10,
      "roles": 2259,
      "formal_basis": 2499,
      "events": 16480,
      "forward": true,
      "inverse_opposite": true,
      "coefficient_bound": 44494,
      "negative_controls": 2
    }
  ],
  "phase": {
    "addresses": 65536,
    "connector_and_endpoint_identities": true,
    "wrong_forward_correction_failures": 32768,
    "omitted_translation_failures": 32768
  },
  "elapsed": 2.421808290993795,
  "limit_seconds": 120,
  "scope": "Complete exact dyadic small scalar words and all-address tensor phase controls. General commutator/phase argument in report. No h24 physical trace, precision/tape or final assembly certification.",
  "new_multiplication_bound": false
}

RUN round6_complex_literal_ledger
{
  "h": 24,
  "roles": 49208,
  "formal_wire_count": 53256,
  "events": 535744,
  "unique_frames": 26435,
  "actual_geometric_edges": 124369,
  "copied_center_macros": 24,
  "literal_scalar_updates_including_copied_scatter": 374340,
  "signed_inverse_coefficient_rule": "negate each coefficient and reverse order",
  "actual_forward_equal_frames": true,
  "reflected_continuity": true,
  "actual_geometry_passed": true,
  "histogram_matches_pinned": true,
  "recursive_rank": 119453132304,
  "maxchild": 552,
  "elapsed": 14.780127915990306,
  "limit_seconds": 180,
  "scope": "Full h24 literal frame/event charge replay; exact signed scalar all-h commutator uses prior h24 AMV=I identity and invertible mixers. Prior small full basis and general phase proof reused. This is not a dense h24 physical coefficient replay or proof of all-size precision/tape applicability.",
  "new_multiplication_bound": false
}

RUN check_complex_identity
PASS exact h24 AMV=I: 4096576 coefficients; digit bound 52 <256

RUN round7_balanced_assembly_candidate
{
  "candidate_kappa": "63965813/1000000000000",
  "dyadic_gap": "11722627/4000000000000",
  "literal_word_events": 374340,
  "scalar_group_bound": 1531908928,
  "strict_constraint_count": 47,
  "margin_count": 7,
  "next_grid_rejected": true,
  "new_multiplication_bound": false
}

RUN check_word
[    0s] A. disjoint additions; out(c,T) = {S: S cap T = {c}}; retained(c) = star(c) (5313 outputs, 23 totals) PASS
[    0s] A. schedule computes the DAG: 82983 ops, R = adds + outputs + totals - links = 28866, node lists follow the replay PASS
[    1s] B. garbage coefficients by the transpose sweep: 1681205 nonzero over Z, 669262 odd                   PASS
[    1s] C. deferred slots (11565, 5116 of them V leaves) untouched by phase 1 (10962 of 82983 ops); totals complete in phase 1 PASS
[    1s] C. release rule: readouts by dim sigma_u, deferred V gates by dim s_i, X_S = early then deferred V gates PASS
[    2s] D. scalar identity over F2 (3 random scratch/data): scratch restored, y_T += x_T and == definition sums PASS
[    2s] D. scalar identity over Z, exact integer readout coefficients                                        PASS
[    4s] D. NEG control drop               breaks the identity (F2, 8 trials; and Z)                          PASS
[    4s] D. NEG control late_readout       breaks the identity (F2, 8 trials; and Z)                          PASS
[    7s] D. NEG control V_before_readout   breaks the identity (F2, 8 trials; and Z)                          PASS
[    8s] D. NEG control phase1_slot        breaks the identity (F2, 8 trials; and Z)                          PASS
[    8s] D. NEG control F2 coefficients used over Z break the Z identity                                      PASS
[    8s] ALL PASS

RUN check_lifted
[    0s] h=23: A. DAG semantics OK (64042 nodes, 62271 additions, 38741 links, 56460 lifted, 834 late)
[    7s] B. compiled: R=28866 (claimed 28866), ops 91137, late copies 1396
[    7s] C. dirty-scratch replay (F2/Z x word/mirror x midread/endread): ALL OK
[   13s] D. nesting facts: j-monotone failures 0, link span failures 0, root containment failures 0, F invertible True
[   30s]    co-bases K_n done
[   81s]    lifted frame dims exact: {'SF full mod q': 56460, 'KF full mod q': 56460}
[   81s]    every lifted frame is the largest admissible frame U_n: True (56460 / 56460; the flag only switches span -> U_n)
[   93s]    late-copy intersections exact: 1396 frames
[   93s]    chain steps: sum of ranks 663918 = h R 663918: True; histogram equals claim: True; distinct steps 151898 (2r>h: 15115)
[  208s] E. frames used 70776: G-degenerate 0, reduction dimension mismatches 0
[  220s]    side lemma 5000/15138, failures 0
[  251s]    side lemma 10000/15138, failures 0
[  282s]    side lemma 15000/15138, failures 0
[  283s]    side lemma at one integer point: failures 0 over 15138 distinct high-rank steps x 2 conjugations
[  283s] F. round6 corner: s=57403754177 W=108516254 a_b=50171/1000000000 (5.017100e-05, root 5.017627e-05) kappa=2508424149841/50000000000000000 (5.0168483e-05) ok=True
[  283s] F. staircase: s=57403754177 W=108516254 a_b=5079/100000000 (5.079000e-05, root 5.079516e-05) kappa=507874205067/10000000000000000 (5.0787421e-05) ok=True
[  283s] ALL PASS

RUN check_stair
1. sparse flag family: trace conditions OK; f1..f4 zeros 0 over 1771 lines x 23 rows; inner-corner zeros 0
2-3. 20 pairs, distinct pivot patterns 1; runs [1, 21, 1, 1, 1, 18, 1, 1] invertible True; nontrivial NE blocks 689, symbolic bound above evaluated rank on 0
RESULT h=23 kind=stair runs=[21, 18, 1, 1, 1, 1, 1, 1] certified=True

RUN check_stair_control
1. sparse flag family: trace conditions OK; f1..f4 zeros 0 over 1771 lines x 23 rows; inner-corner zeros 0
2-3. 20 pairs, distinct pivot patterns 1; runs [1, 21, 1, 1, 1, 1, 1, 1, 1, 1, 1, 1, 1, 1, 1, 1, 1, 1, 1, 1, 1, 1, 1, 1] invertible False; nontrivial NE blocks 403, symbolic bound above evaluated rank on 3
RESULT h=23 kind=rand1 runs=[21, 1, 1, 1, 1, 1, 1, 1, 1, 1, 1, 1, 1, 1, 1, 1, 1, 1, 1, 1, 1, 1, 1, 1] certified=False

RUN complete exact composition
PASS exact saturated composition; bit 31993457448237/500000000000000000 kappa 6398282083297/100000000000000000 47 inequalities / seven margins / adjacent grids

RUN independent arithmetic and controls
PASS independent saturated audit: complete rows, exact moments, 47 inequalities, seven margins, 8 corruption controls

changed_frozen_files=[]
exit_code=0
