'KappaCheck.ShrunkBirthTerminal.network_counts' depends on axioms: [propext]
'KappaCheck.ShrunkBirthTerminal.initial_dimension_count' depends on axioms: [propext]
'KappaCheck.ShrunkBirthTerminal.rank_mass' depends on axioms: [propext, Quot.sound]
'KappaCheck.ShrunkBirthTerminal.count_1' depends on axioms: [propext, Quot.sound]
'KappaCheck.ShrunkBirthTerminal.count_2' depends on axioms: [propext, Quot.sound]
'KappaCheck.ShrunkBirthTerminal.count_3' depends on axioms: [propext, Quot.sound]
'KappaCheck.ShrunkBirthTerminal.count_4' depends on axioms: [propext, Quot.sound]
'KappaCheck.ShrunkBirthTerminal.count_5' depends on axioms: [propext, Quot.sound]
'KappaCheck.ShrunkBirthTerminal.count_6' depends on axioms: [propext, Quot.sound]
'KappaCheck.ShrunkBirthTerminal.count_7' depends on axioms: [propext, Quot.sound]
'KappaCheck.ShrunkBirthTerminal.count_8' depends on axioms: [propext, Quot.sound]
'KappaCheck.ShrunkBirthTerminal.count_9' depends on axioms: [propext, Quot.sound]
'KappaCheck.ShrunkBirthTerminal.count_10' depends on axioms: [propext, Quot.sound]
'KappaCheck.ShrunkBirthTerminal.count_11' depends on axioms: [propext, Quot.sound]
'KappaCheck.ShrunkBirthTerminal.count_12' depends on axioms: [propext, Quot.sound]
'KappaCheck.ShrunkBirthTerminal.count_13' depends on axioms: [propext, Quot.sound]
'KappaCheck.ShrunkBirthTerminal.count_14' depends on axioms: [propext, Quot.sound]
'KappaCheck.ShrunkBirthTerminal.count_15' depends on axioms: [propext, Quot.sound]
'KappaCheck.ShrunkBirthTerminal.count_16' depends on axioms: [propext, Quot.sound]
'KappaCheck.ShrunkBirthTerminal.count_17' depends on axioms: [propext, Quot.sound]
'KappaCheck.ShrunkBirthTerminal.count_18' depends on axioms: [propext, Quot.sound]
'KappaCheck.ShrunkBirthTerminal.count_19' depends on axioms: [propext, Quot.sound]
'KappaCheck.ShrunkBirthTerminal.count_20' depends on axioms: [propext, Quot.sound]
'KappaCheck.ShrunkBirthTerminal.count_21' depends on axioms: [propext, Quot.sound]
'KappaCheck.ShrunkBirthTerminal.count_22' depends on axioms: [propext, Quot.sound]
'KappaCheck.ShrunkBirthTerminal.count_23' depends on axioms: [propext, Quot.sound]
'KappaCheck.ShrunkBirthTerminal.count_529' depends on axioms: [propext, Quot.sound]
'KappaCheck.ShrunkBirthTerminal.count_552' depends on axioms: [propext, Quot.sound]
'KappaCheck.ShrunkBirthTerminal.count_554' depends on axioms: [propext, Quot.sound]
'KappaCheck.ShrunkBirthTerminal.count_556' depends on axioms: [propext, Quot.sound]
'KappaCheck.ShrunkBirthTerminal.count_558' depends on axioms: [propext, Quot.sound]
'KappaCheck.ShrunkBirthTerminal.count_560' depends on axioms: [propext, Quot.sound]
'KappaCheck.ShrunkBirthTerminal.count_562' depends on axioms: [propext, Quot.sound]
'KappaCheck.ShrunkBirthTerminal.count_571' depends on axioms: [propext, Quot.sound]
'KappaCheck.ShrunkBirthTerminal.count_572' depends on axioms: [propext, Quot.sound]
'KappaCheck.ShrunkBirthTerminal.count_573' depends on axioms: [propext, Quot.sound]
'KappaCheck.ShrunkBirthTerminal.count_574' depends on axioms: [propext, Quot.sound]
'KappaCheck.ShrunkBirthTerminal.complete_child_support' depends on axioms: [propext, Quot.sound]
'KappaCheck.ShrunkBirthTerminal.strict_child_contraction' depends on axioms: [propext, Classical.choice, Quot.sound]
'KappaCheck.ShrunkBirthTerminal.slack_a_positive' depends on axioms: [propext, Classical.choice, Quot.sound]
'KappaCheck.ShrunkBirthTerminal.slack_a_below_b' depends on axioms: [propext, Classical.choice, Quot.sound]
'KappaCheck.ShrunkBirthTerminal.slack_b_below_one_over32' depends on axioms: [propext, Classical.choice, Quot.sound]
'KappaCheck.ShrunkBirthTerminal.slack_beta_positive' depends on axioms: [propext, Classical.choice, Quot.sound]
'KappaCheck.ShrunkBirthTerminal.slack_beta_below_one' depends on axioms: [propext, Classical.choice, Quot.sound]
'KappaCheck.ShrunkBirthTerminal.slack_phase_leaf_above_bit' depends on axioms: [propext, Classical.choice, Quot.sound]
'KappaCheck.ShrunkBirthTerminal.slack_q_positive' depends on axioms: [propext, Classical.choice, Quot.sound]
'KappaCheck.ShrunkBirthTerminal.slack_q_below_internal' depends on axioms: [propext, Classical.choice, Quot.sound]
'KappaCheck.ShrunkBirthTerminal.slack_q_below_leaf' depends on axioms: [propext, Classical.choice, Quot.sound]
'KappaCheck.ShrunkBirthTerminal.slack_c_positive' depends on axioms: [propext, Classical.choice, Quot.sound]
'KappaCheck.ShrunkBirthTerminal.slack_c_below_one' depends on axioms: [propext, Classical.choice, Quot.sound]
'KappaCheck.ShrunkBirthTerminal.slack_q_below_reservations' depends on axioms: [propext, Classical.choice, Quot.sound]
'KappaCheck.ShrunkBirthTerminal.slack_lambda_above_tau' depends on axioms: [propext, Classical.choice, Quot.sound]
'KappaCheck.ShrunkBirthTerminal.slack_lambda_above_sigma' depends on axioms: [propext, Classical.choice, Quot.sound]
'KappaCheck.ShrunkBirthTerminal.slack_lambda_above_internal' depends on axioms: [propext, Classical.choice, Quot.sound]
'KappaCheck.ShrunkBirthTerminal.slack_lambda_prime_above_lambda' depends on axioms: [propext,
 Classical.choice,
 Quot.sound]
'KappaCheck.ShrunkBirthTerminal.slack_compact_leaf' depends on axioms: [propext, Classical.choice, Quot.sound]
'KappaCheck.ShrunkBirthTerminal.slack_compact_reservations' depends on axioms: [propext, Classical.choice, Quot.sound]
'KappaCheck.ShrunkBirthTerminal.slack_lambda_prime_below_one' depends on axioms: [propext, Classical.choice, Quot.sound]
'KappaCheck.ShrunkBirthTerminal.slack_epsilon_positive' depends on axioms: [propext, Classical.choice, Quot.sound]
'KappaCheck.ShrunkBirthTerminal.slack_epsilon_below_one' depends on axioms: [propext, Classical.choice, Quot.sound]
'KappaCheck.ShrunkBirthTerminal.slack_guard_width' depends on axioms: [propext, Classical.choice, Quot.sound]
'KappaCheck.ShrunkBirthTerminal.slack_K_geometry' depends on axioms: [propext, Classical.choice, Quot.sound]
'KappaCheck.ShrunkBirthTerminal.slack_K_dominates_log' depends on axioms: [propext, Classical.choice, Quot.sound]
'KappaCheck.ShrunkBirthTerminal.slack_record_suffix' depends on axioms: [propext, Classical.choice, Quot.sound]
'KappaCheck.ShrunkBirthTerminal.slack_phase_local' depends on axioms: [propext, Classical.choice, Quot.sound]
'KappaCheck.ShrunkBirthTerminal.slack_phase_boundary' depends on axioms: [propext, Classical.choice, Quot.sound]
'KappaCheck.ShrunkBirthTerminal.slack_gamma_sublinear' depends on axioms: [propext, Classical.choice, Quot.sound]
'KappaCheck.ShrunkBirthTerminal.slack_cell_above_band' depends on axioms: [propext, Classical.choice, Quot.sound]
'KappaCheck.ShrunkBirthTerminal.slack_prime_interval_packing' depends on axioms: [propext, Classical.choice, Quot.sound]
'KappaCheck.ShrunkBirthTerminal.slack_alpha_positive' depends on axioms: [propext, Classical.choice, Quot.sound]
'KappaCheck.ShrunkBirthTerminal.slack_alpha_below_one' depends on axioms: [propext, Classical.choice, Quot.sound]
'KappaCheck.ShrunkBirthTerminal.slack_alpha_below_one_fourth' depends on axioms: [propext, Classical.choice, Quot.sound]
'KappaCheck.ShrunkBirthTerminal.slack_delta_positive' depends on axioms: [propext, Classical.choice, Quot.sound]
'KappaCheck.ShrunkBirthTerminal.slack_delta_below_one_eighth' depends on axioms: [propext, Classical.choice, Quot.sound]
'KappaCheck.ShrunkBirthTerminal.slack_short_record_fallback' depends on axioms: [propext, Classical.choice, Quot.sound]
'KappaCheck.ShrunkBirthTerminal.slack_small_field_exposure' depends on axioms: [propext, Classical.choice, Quot.sound]
'KappaCheck.ShrunkBirthTerminal.slack_artificial_boundary' depends on axioms: [propext, Classical.choice, Quot.sound]
'KappaCheck.ShrunkBirthTerminal.slack_literal_scalar_guard' depends on axioms: [propext, Classical.choice, Quot.sound]
'KappaCheck.ShrunkBirthTerminal.slack_row_product_gap' depends on axioms: [propext, Classical.choice, Quot.sound]
'KappaCheck.ShrunkBirthTerminal.slack_g1_above_kappa' depends on axioms: [propext, Classical.choice, Quot.sound]
'KappaCheck.ShrunkBirthTerminal.slack_g2_above_kappa' depends on axioms: [propext, Classical.choice, Quot.sound]
'KappaCheck.ShrunkBirthTerminal.slack_g3_above_kappa' depends on axioms: [propext, Classical.choice, Quot.sound]
'KappaCheck.ShrunkBirthTerminal.slack_g4_above_kappa' depends on axioms: [propext, Classical.choice, Quot.sound]
'KappaCheck.ShrunkBirthTerminal.slack_g5_above_kappa' depends on axioms: [propext, Classical.choice, Quot.sound]
'KappaCheck.ShrunkBirthTerminal.slack_g6_above_kappa' depends on axioms: [propext, Classical.choice, Quot.sound]
'KappaCheck.ShrunkBirthTerminal.slack_g7_above_kappa' depends on axioms: [propext, Classical.choice, Quot.sound]
'KappaCheck.ShrunkBirthTerminal.margins_strict' depends on axioms: [propext, Classical.choice, Quot.sound]
'KappaCheck.ShrunkBirthTerminal.balanced_identities' depends on axioms: [propext, Classical.choice, Quot.sound]
'KappaCheck.ShrunkBirthTerminal.stopped_parameter_choice' depends on axioms: [propext, Classical.choice, Quot.sound]
'KappaCheck.ShrunkBirthTerminal.controlling_margin' depends on axioms: [propext, Classical.choice, Quot.sound]
'KappaCheck.ShrunkBirthTerminal.fixed_profile_grid_exclusion' depends on axioms: [propext, Classical.choice, Quot.sound]
'KappaCheck.ShrunkBirthTerminal.gain_over_pinned_bounds' depends on axioms: [propext, Classical.choice, Quot.sound]
'KappaCheck.ShrunkBirthTerminal.stock_bit_coarse' depends on axioms: [propext, Classical.choice, Quot.sound]
'KappaCheck.ShrunkBirthTerminal.stock_complex' depends on axioms: [propext, Classical.choice, Quot.sound]
'KappaCheck.ShrunkBirthTerminal.stock_ordinary_leaf' depends on axioms: [propext, Classical.choice, Quot.sound]
'KappaCheck.ShrunkBirthTerminal.row_stock' depends on axioms: [propext, Classical.choice, Quot.sound]
'KappaCheck.ShrunkBirthTerminal.semantic_constants' depends on axioms: [propext, Quot.sound]
'KappaCheck.ShrunkBirthTerminal.finite_bridge' depends on axioms: [propext, Classical.choice, Quot.sound]
'KappaCheck.ShrunkBirthTerminal.accepted_interval_1' depends on axioms: [propext, Classical.choice, Quot.sound]
'KappaCheck.ShrunkBirthTerminal.accepted_taylor_1' depends on axioms: [propext, Classical.choice, Quot.sound]
'KappaCheck.ShrunkBirthTerminal.accepted_interval_2' depends on axioms: [propext, Classical.choice, Quot.sound]
'KappaCheck.ShrunkBirthTerminal.accepted_taylor_2' depends on axioms: [propext, Classical.choice, Quot.sound]
'KappaCheck.ShrunkBirthTerminal.accepted_interval_3' depends on axioms: [propext, Classical.choice, Quot.sound]
'KappaCheck.ShrunkBirthTerminal.accepted_taylor_3' depends on axioms: [propext, Classical.choice, Quot.sound]
'KappaCheck.ShrunkBirthTerminal.accepted_interval_4' depends on axioms: [propext, Classical.choice, Quot.sound]
'KappaCheck.ShrunkBirthTerminal.accepted_taylor_4' depends on axioms: [propext, Classical.choice, Quot.sound]
'KappaCheck.ShrunkBirthTerminal.accepted_interval_5' depends on axioms: [propext, Classical.choice, Quot.sound]
'KappaCheck.ShrunkBirthTerminal.accepted_taylor_5' depends on axioms: [propext, Classical.choice, Quot.sound]
'KappaCheck.ShrunkBirthTerminal.accepted_interval_6' depends on axioms: [propext, Classical.choice, Quot.sound]
'KappaCheck.ShrunkBirthTerminal.accepted_taylor_6' depends on axioms: [propext, Classical.choice, Quot.sound]
'KappaCheck.ShrunkBirthTerminal.accepted_interval_7' depends on axioms: [propext, Classical.choice, Quot.sound]
'KappaCheck.ShrunkBirthTerminal.accepted_taylor_7' depends on axioms: [propext, Classical.choice, Quot.sound]
'KappaCheck.ShrunkBirthTerminal.accepted_interval_8' depends on axioms: [propext, Classical.choice, Quot.sound]
'KappaCheck.ShrunkBirthTerminal.accepted_taylor_8' depends on axioms: [propext, Classical.choice, Quot.sound]
'KappaCheck.ShrunkBirthTerminal.accepted_interval_9' depends on axioms: [propext, Classical.choice, Quot.sound]
'KappaCheck.ShrunkBirthTerminal.accepted_taylor_9' depends on axioms: [propext, Classical.choice, Quot.sound]
'KappaCheck.ShrunkBirthTerminal.accepted_interval_10' depends on axioms: [propext, Classical.choice, Quot.sound]
'KappaCheck.ShrunkBirthTerminal.accepted_taylor_10' depends on axioms: [propext, Classical.choice, Quot.sound]
'KappaCheck.ShrunkBirthTerminal.accepted_interval_11' depends on axioms: [propext, Classical.choice, Quot.sound]
'KappaCheck.ShrunkBirthTerminal.accepted_taylor_11' depends on axioms: [propext, Classical.choice, Quot.sound]
'KappaCheck.ShrunkBirthTerminal.accepted_interval_12' depends on axioms: [propext, Classical.choice, Quot.sound]
'KappaCheck.ShrunkBirthTerminal.accepted_taylor_12' depends on axioms: [propext, Classical.choice, Quot.sound]
'KappaCheck.ShrunkBirthTerminal.accepted_interval_13' depends on axioms: [propext, Classical.choice, Quot.sound]
'KappaCheck.ShrunkBirthTerminal.accepted_taylor_13' depends on axioms: [propext, Classical.choice, Quot.sound]
'KappaCheck.ShrunkBirthTerminal.accepted_interval_14' depends on axioms: [propext, Classical.choice, Quot.sound]
'KappaCheck.ShrunkBirthTerminal.accepted_taylor_14' depends on axioms: [propext, Classical.choice, Quot.sound]
'KappaCheck.ShrunkBirthTerminal.accepted_interval_15' depends on axioms: [propext, Classical.choice, Quot.sound]
'KappaCheck.ShrunkBirthTerminal.accepted_taylor_15' depends on axioms: [propext, Classical.choice, Quot.sound]
'KappaCheck.ShrunkBirthTerminal.accepted_interval_16' depends on axioms: [propext, Classical.choice, Quot.sound]
'KappaCheck.ShrunkBirthTerminal.accepted_taylor_16' depends on axioms: [propext, Classical.choice, Quot.sound]
'KappaCheck.ShrunkBirthTerminal.accepted_interval_17' depends on axioms: [propext, Classical.choice, Quot.sound]
'KappaCheck.ShrunkBirthTerminal.accepted_taylor_17' depends on axioms: [propext, Classical.choice, Quot.sound]
'KappaCheck.ShrunkBirthTerminal.accepted_interval_18' depends on axioms: [propext, Classical.choice, Quot.sound]
'KappaCheck.ShrunkBirthTerminal.accepted_taylor_18' depends on axioms: [propext, Classical.choice, Quot.sound]
'KappaCheck.ShrunkBirthTerminal.accepted_interval_19' depends on axioms: [propext, Classical.choice, Quot.sound]
'KappaCheck.ShrunkBirthTerminal.accepted_taylor_19' depends on axioms: [propext, Classical.choice, Quot.sound]
'KappaCheck.ShrunkBirthTerminal.accepted_interval_20' depends on axioms: [propext, Classical.choice, Quot.sound]
'KappaCheck.ShrunkBirthTerminal.accepted_taylor_20' depends on axioms: [propext, Classical.choice, Quot.sound]
'KappaCheck.ShrunkBirthTerminal.accepted_interval_21' depends on axioms: [propext, Classical.choice, Quot.sound]
'KappaCheck.ShrunkBirthTerminal.accepted_taylor_21' depends on axioms: [propext, Classical.choice, Quot.sound]
'KappaCheck.ShrunkBirthTerminal.accepted_interval_22' depends on axioms: [propext, Classical.choice, Quot.sound]
'KappaCheck.ShrunkBirthTerminal.accepted_taylor_22' depends on axioms: [propext, Classical.choice, Quot.sound]
'KappaCheck.ShrunkBirthTerminal.accepted_interval_23' depends on axioms: [propext, Classical.choice, Quot.sound]
'KappaCheck.ShrunkBirthTerminal.accepted_taylor_23' depends on axioms: [propext, Classical.choice, Quot.sound]
'KappaCheck.ShrunkBirthTerminal.accepted_interval_529' depends on axioms: [propext, Classical.choice, Quot.sound]
'KappaCheck.ShrunkBirthTerminal.accepted_taylor_529' depends on axioms: [propext, Classical.choice, Quot.sound]
'KappaCheck.ShrunkBirthTerminal.accepted_interval_552' depends on axioms: [propext, Classical.choice, Quot.sound]
'KappaCheck.ShrunkBirthTerminal.accepted_taylor_552' depends on axioms: [propext, Classical.choice, Quot.sound]
'KappaCheck.ShrunkBirthTerminal.accepted_interval_554' depends on axioms: [propext, Classical.choice, Quot.sound]
'KappaCheck.ShrunkBirthTerminal.accepted_taylor_554' depends on axioms: [propext, Classical.choice, Quot.sound]
'KappaCheck.ShrunkBirthTerminal.accepted_interval_556' depends on axioms: [propext, Classical.choice, Quot.sound]
'KappaCheck.ShrunkBirthTerminal.accepted_taylor_556' depends on axioms: [propext, Classical.choice, Quot.sound]
'KappaCheck.ShrunkBirthTerminal.accepted_interval_558' depends on axioms: [propext, Classical.choice, Quot.sound]
'KappaCheck.ShrunkBirthTerminal.accepted_taylor_558' depends on axioms: [propext, Classical.choice, Quot.sound]
'KappaCheck.ShrunkBirthTerminal.accepted_interval_560' depends on axioms: [propext, Classical.choice, Quot.sound]
'KappaCheck.ShrunkBirthTerminal.accepted_taylor_560' depends on axioms: [propext, Classical.choice, Quot.sound]
'KappaCheck.ShrunkBirthTerminal.accepted_interval_562' depends on axioms: [propext, Classical.choice, Quot.sound]
'KappaCheck.ShrunkBirthTerminal.accepted_taylor_562' depends on axioms: [propext, Classical.choice, Quot.sound]
'KappaCheck.ShrunkBirthTerminal.accepted_interval_571' depends on axioms: [propext, Classical.choice, Quot.sound]
'KappaCheck.ShrunkBirthTerminal.accepted_taylor_571' depends on axioms: [propext, Classical.choice, Quot.sound]
'KappaCheck.ShrunkBirthTerminal.accepted_interval_572' depends on axioms: [propext, Classical.choice, Quot.sound]
'KappaCheck.ShrunkBirthTerminal.accepted_taylor_572' depends on axioms: [propext, Classical.choice, Quot.sound]
'KappaCheck.ShrunkBirthTerminal.accepted_interval_573' depends on axioms: [propext, Classical.choice, Quot.sound]
'KappaCheck.ShrunkBirthTerminal.accepted_taylor_573' depends on axioms: [propext, Classical.choice, Quot.sound]
'KappaCheck.ShrunkBirthTerminal.accepted_interval_574' depends on axioms: [propext, Classical.choice, Quot.sound]
'KappaCheck.ShrunkBirthTerminal.accepted_taylor_574' depends on axioms: [propext, Classical.choice, Quot.sound]
'KappaCheck.ShrunkBirthTerminal.accepted_profile_link' depends on axioms: [propext, Classical.choice, Quot.sound]
'KappaCheck.ShrunkBirthTerminal.accepted_moment' depends on axioms: [propext, Classical.choice, Quot.sound]
'KappaCheck.ShrunkBirthTerminal.accepted_paid_moment' depends on axioms: [propext, Classical.choice, Quot.sound]
'KappaCheck.ShrunkBirthTerminal.rejected_interval_1' depends on axioms: [propext, Classical.choice, Quot.sound]
'KappaCheck.ShrunkBirthTerminal.rejected_taylor_1' depends on axioms: [propext, Classical.choice, Quot.sound]
'KappaCheck.ShrunkBirthTerminal.rejected_interval_2' depends on axioms: [propext, Classical.choice, Quot.sound]
'KappaCheck.ShrunkBirthTerminal.rejected_taylor_2' depends on axioms: [propext, Classical.choice, Quot.sound]
'KappaCheck.ShrunkBirthTerminal.rejected_interval_3' depends on axioms: [propext, Classical.choice, Quot.sound]
'KappaCheck.ShrunkBirthTerminal.rejected_taylor_3' depends on axioms: [propext, Classical.choice, Quot.sound]
'KappaCheck.ShrunkBirthTerminal.rejected_interval_4' depends on axioms: [propext, Classical.choice, Quot.sound]
'KappaCheck.ShrunkBirthTerminal.rejected_taylor_4' depends on axioms: [propext, Classical.choice, Quot.sound]
'KappaCheck.ShrunkBirthTerminal.rejected_interval_5' depends on axioms: [propext, Classical.choice, Quot.sound]
'KappaCheck.ShrunkBirthTerminal.rejected_taylor_5' depends on axioms: [propext, Classical.choice, Quot.sound]
'KappaCheck.ShrunkBirthTerminal.rejected_interval_6' depends on axioms: [propext, Classical.choice, Quot.sound]
'KappaCheck.ShrunkBirthTerminal.rejected_taylor_6' depends on axioms: [propext, Classical.choice, Quot.sound]
'KappaCheck.ShrunkBirthTerminal.rejected_interval_7' depends on axioms: [propext, Classical.choice, Quot.sound]
'KappaCheck.ShrunkBirthTerminal.rejected_taylor_7' depends on axioms: [propext, Classical.choice, Quot.sound]
'KappaCheck.ShrunkBirthTerminal.rejected_interval_8' depends on axioms: [propext, Classical.choice, Quot.sound]
'KappaCheck.ShrunkBirthTerminal.rejected_taylor_8' depends on axioms: [propext, Classical.choice, Quot.sound]
'KappaCheck.ShrunkBirthTerminal.rejected_interval_9' depends on axioms: [propext, Classical.choice, Quot.sound]
'KappaCheck.ShrunkBirthTerminal.rejected_taylor_9' depends on axioms: [propext, Classical.choice, Quot.sound]
'KappaCheck.ShrunkBirthTerminal.rejected_interval_10' depends on axioms: [propext, Classical.choice, Quot.sound]
'KappaCheck.ShrunkBirthTerminal.rejected_taylor_10' depends on axioms: [propext, Classical.choice, Quot.sound]
'KappaCheck.ShrunkBirthTerminal.rejected_interval_11' depends on axioms: [propext, Classical.choice, Quot.sound]
'KappaCheck.ShrunkBirthTerminal.rejected_taylor_11' depends on axioms: [propext, Classical.choice, Quot.sound]
'KappaCheck.ShrunkBirthTerminal.rejected_interval_12' depends on axioms: [propext, Classical.choice, Quot.sound]
'KappaCheck.ShrunkBirthTerminal.rejected_taylor_12' depends on axioms: [propext, Classical.choice, Quot.sound]
'KappaCheck.ShrunkBirthTerminal.rejected_interval_13' depends on axioms: [propext, Classical.choice, Quot.sound]
'KappaCheck.ShrunkBirthTerminal.rejected_taylor_13' depends on axioms: [propext, Classical.choice, Quot.sound]
'KappaCheck.ShrunkBirthTerminal.rejected_interval_14' depends on axioms: [propext, Classical.choice, Quot.sound]
'KappaCheck.ShrunkBirthTerminal.rejected_taylor_14' depends on axioms: [propext, Classical.choice, Quot.sound]
'KappaCheck.ShrunkBirthTerminal.rejected_interval_15' depends on axioms: [propext, Classical.choice, Quot.sound]
'KappaCheck.ShrunkBirthTerminal.rejected_taylor_15' depends on axioms: [propext, Classical.choice, Quot.sound]
'KappaCheck.ShrunkBirthTerminal.rejected_interval_16' depends on axioms: [propext, Classical.choice, Quot.sound]
'KappaCheck.ShrunkBirthTerminal.rejected_taylor_16' depends on axioms: [propext, Classical.choice, Quot.sound]
'KappaCheck.ShrunkBirthTerminal.rejected_interval_17' depends on axioms: [propext, Classical.choice, Quot.sound]
'KappaCheck.ShrunkBirthTerminal.rejected_taylor_17' depends on axioms: [propext, Classical.choice, Quot.sound]
'KappaCheck.ShrunkBirthTerminal.rejected_interval_18' depends on axioms: [propext, Classical.choice, Quot.sound]
'KappaCheck.ShrunkBirthTerminal.rejected_taylor_18' depends on axioms: [propext, Classical.choice, Quot.sound]
'KappaCheck.ShrunkBirthTerminal.rejected_interval_19' depends on axioms: [propext, Classical.choice, Quot.sound]
'KappaCheck.ShrunkBirthTerminal.rejected_taylor_19' depends on axioms: [propext, Classical.choice, Quot.sound]
'KappaCheck.ShrunkBirthTerminal.rejected_interval_20' depends on axioms: [propext, Classical.choice, Quot.sound]
'KappaCheck.ShrunkBirthTerminal.rejected_taylor_20' depends on axioms: [propext, Classical.choice, Quot.sound]
'KappaCheck.ShrunkBirthTerminal.rejected_interval_21' depends on axioms: [propext, Classical.choice, Quot.sound]
'KappaCheck.ShrunkBirthTerminal.rejected_taylor_21' depends on axioms: [propext, Classical.choice, Quot.sound]
'KappaCheck.ShrunkBirthTerminal.rejected_interval_22' depends on axioms: [propext, Classical.choice, Quot.sound]
'KappaCheck.ShrunkBirthTerminal.rejected_taylor_22' depends on axioms: [propext, Classical.choice, Quot.sound]
'KappaCheck.ShrunkBirthTerminal.rejected_interval_23' depends on axioms: [propext, Classical.choice, Quot.sound]
'KappaCheck.ShrunkBirthTerminal.rejected_taylor_23' depends on axioms: [propext, Classical.choice, Quot.sound]
'KappaCheck.ShrunkBirthTerminal.rejected_interval_529' depends on axioms: [propext, Classical.choice, Quot.sound]
'KappaCheck.ShrunkBirthTerminal.rejected_taylor_529' depends on axioms: [propext, Classical.choice, Quot.sound]
'KappaCheck.ShrunkBirthTerminal.rejected_interval_552' depends on axioms: [propext, Classical.choice, Quot.sound]
'KappaCheck.ShrunkBirthTerminal.rejected_taylor_552' depends on axioms: [propext, Classical.choice, Quot.sound]
'KappaCheck.ShrunkBirthTerminal.rejected_interval_554' depends on axioms: [propext, Classical.choice, Quot.sound]
'KappaCheck.ShrunkBirthTerminal.rejected_taylor_554' depends on axioms: [propext, Classical.choice, Quot.sound]
'KappaCheck.ShrunkBirthTerminal.rejected_interval_556' depends on axioms: [propext, Classical.choice, Quot.sound]
'KappaCheck.ShrunkBirthTerminal.rejected_taylor_556' depends on axioms: [propext, Classical.choice, Quot.sound]
'KappaCheck.ShrunkBirthTerminal.rejected_interval_558' depends on axioms: [propext, Classical.choice, Quot.sound]
'KappaCheck.ShrunkBirthTerminal.rejected_taylor_558' depends on axioms: [propext, Classical.choice, Quot.sound]
'KappaCheck.ShrunkBirthTerminal.rejected_interval_560' depends on axioms: [propext, Classical.choice, Quot.sound]
'KappaCheck.ShrunkBirthTerminal.rejected_taylor_560' depends on axioms: [propext, Classical.choice, Quot.sound]
'KappaCheck.ShrunkBirthTerminal.rejected_interval_562' depends on axioms: [propext, Classical.choice, Quot.sound]
'KappaCheck.ShrunkBirthTerminal.rejected_taylor_562' depends on axioms: [propext, Classical.choice, Quot.sound]
'KappaCheck.ShrunkBirthTerminal.rejected_interval_571' depends on axioms: [propext, Classical.choice, Quot.sound]
'KappaCheck.ShrunkBirthTerminal.rejected_taylor_571' depends on axioms: [propext, Classical.choice, Quot.sound]
'KappaCheck.ShrunkBirthTerminal.rejected_interval_572' depends on axioms: [propext, Classical.choice, Quot.sound]
'KappaCheck.ShrunkBirthTerminal.rejected_taylor_572' depends on axioms: [propext, Classical.choice, Quot.sound]
'KappaCheck.ShrunkBirthTerminal.rejected_interval_573' depends on axioms: [propext, Classical.choice, Quot.sound]
'KappaCheck.ShrunkBirthTerminal.rejected_taylor_573' depends on axioms: [propext, Classical.choice, Quot.sound]
'KappaCheck.ShrunkBirthTerminal.rejected_interval_574' depends on axioms: [propext, Classical.choice, Quot.sound]
'KappaCheck.ShrunkBirthTerminal.rejected_taylor_574' depends on axioms: [propext, Classical.choice, Quot.sound]
'KappaCheck.ShrunkBirthTerminal.rejected_profile_link' depends on axioms: [propext, Classical.choice, Quot.sound]
'KappaCheck.ShrunkBirthTerminal.rejected_moment' depends on axioms: [propext, Classical.choice, Quot.sound]
'KappaCheck.ShrunkBirthTerminal.rejected_paid_moment' depends on axioms: [propext, Classical.choice, Quot.sound]
	Command being timed: "lake env lean ShrunkBirthTerminal.lean"
	User time (seconds): 93.43
	System time (seconds): 5.37
	Percent of CPU this job got: 528%
	Elapsed (wall clock) time (h:mm:ss or m:ss): 0:18.71
	Average shared text size (kbytes): 0
	Average unshared data size (kbytes): 0
	Average stack size (kbytes): 0
	Average total size (kbytes): 0
	Maximum resident set size (kbytes): 1739568
	Average resident set size (kbytes): 0
	Major (requiring I/O) page faults: 0
	Minor (reclaiming a frame) page faults: 139632
	Voluntary context switches: 211341
	Involuntary context switches: 7841
	Swaps: 0
	File system inputs: 0
	File system outputs: 56
	Socket messages sent: 0
	Socket messages received: 0
	Signals delivered: 0
	Page size (bytes): 4096
	Exit status: 0
