python3 scripts/experiments/verify_joint_dual.py
built 23 36626 regions
augment 100 11854
augment 200 11954
matched 11974 seconds 1.2138097286224365
compile 23 0 6 reclaimed 0 seconds 1.2159717082977295
compile 23 5000 16729 reclaimed 19 seconds 1.4500727653503418
compile 23 10000 20965 reclaimed 172 seconds 4.836484670639038
compile 23 15000 22929 reclaimed 607 seconds 8.28329086303711
compile 23 20000 25536 reclaimed 1200 seconds 14.580018758773804
compile 23 25000 28333 reclaimed 1562 seconds 27.07052493095398
compile 23 30000 30127 reclaimed 1786 seconds 39.88552379608154
compile 23 35000 30688 reclaimed 1853 seconds 44.93429398536682
PASS h=23: full dirty basis, exact frame path, every fixed-basis profile
built 25 48675 regions
augment 100 16090
augment 200 16190
matched 16276 seconds 2.095442056655884
compile 25 0 6 reclaimed 0 seconds 2.0985870361328125
compile 25 5000 19564 reclaimed 0 seconds 2.2056729793548584
compile 25 10000 25624 reclaimed 50 seconds 5.6835620403289795
compile 25 15000 28089 reclaimed 718 seconds 10.320612907409668
compile 25 20000 29883 reclaimed 986 seconds 14.403967142105103
compile 25 25000 32329 reclaimed 1785 seconds 23.05248498916626
compile 25 30000 35471 reclaimed 2135 seconds 39.40285301208496
compile 25 35000 37806 reclaimed 2408 seconds 57.83789300918579
compile 25 40000 39609 reclaimed 2613 seconds 78.04075717926025
compile 25 45000 40338 reclaimed 2711 seconds 89.06966090202332
PASS h=25: full dirty basis, exact frame path, every fixed-basis profile
PASS conditional kappa=4764513337/100000000000000; bit saving=2382370177/50000000000000
PASS exact recurrence, 47 strict inequalities, seven margins, eventual cutoffs
python3 -m unittest discover -s tests -p 'test_joint_reclaim.py' -v
test_aliased_terminal_role_is_rejected (test_joint_reclaim.JointReclamationControls.test_aliased_terminal_role_is_rejected) ... ok
test_complete_pr58_profile_fails_new_bit_saving (test_joint_reclaim.JointReclamationControls.test_complete_pr58_profile_fails_new_bit_saving) ... ok
test_missing_copied_center_is_rejected (test_joint_reclaim.JointReclamationControls.test_missing_copied_center_is_rejected) ... ok
test_non_nested_operation_frame_is_rejected (test_joint_reclaim.JointReclamationControls.test_non_nested_operation_frame_is_rejected) ... ok
test_omitted_literal_xor_is_rejected (test_joint_reclaim.JointReclamationControls.test_omitted_literal_xor_is_rejected) ... ok
test_omitted_transition_cannot_reduce_paid_profile (test_joint_reclaim.JointReclamationControls.test_omitted_transition_cannot_reduce_paid_profile) ... ok
test_optimized_python_is_rejected_by_every_new_entry (test_joint_reclaim.JointReclamationControls.test_optimized_python_is_rejected_by_every_new_entry) ... ok
test_selected_words_pass_independent_replay (test_joint_reclaim.JointReclamationControls.test_selected_words_pass_independent_replay) ... ok
test_self_xor_is_rejected (test_joint_reclaim.JointReclamationControls.test_self_xor_is_rejected) ... ok
test_understated_physical_width_is_rejected (test_joint_reclaim.JointReclamationControls.test_understated_physical_width_is_rejected) ... ok

----------------------------------------------------------------------
Ran 10 tests in 16.325s

OK
