python3 research/aligned-exchange-frames/producer.py
built 23 78513 regions
built 25 108756 regions
matched 59832 seconds 11.822603940963745
matched 84403 seconds 15.700217247009277
carry exchanges 0 773
carry exchanges 1 144
carry exchanges 2 163
carry two-cycles 0 290
carry two-cycles 1 0
compile 23 0 8 reclaimed 0 seconds 34.965359926223755
compile 23 5000 16067 reclaimed 0 seconds 35.77416491508484
compile 23 10000 17762 reclaimed 85 seconds 36.147238969802856
compile 23 15000 19713 reclaimed 481 seconds 36.652596950531006
compile 23 20000 20574 reclaimed 830 seconds 37.07842707633972
compile 23 25000 20946 reclaimed 872 seconds 37.37469720840454
compile 23 30000 21454 reclaimed 943 seconds 37.71482300758362
compile 23 35000 21783 reclaimed 1127 seconds 38.089349031448364
compile 23 40000 22005 reclaimed 1154 seconds 38.42183995246887
compile 23 45000 22192 reclaimed 1191 seconds 38.7715380191803
compile 23 50000 22422 reclaimed 1237 seconds 39.15155506134033
compile 23 55000 22690 reclaimed 1294 seconds 39.57064199447632
compile 23 60000 23190 reclaimed 1441 seconds 40.12925410270691
compile 23 65000 23873 reclaimed 1701 seconds 40.78334879875183
compile 23 70000 25253 reclaimed 2183 seconds 41.778228759765625
compile 23 75000 26409 reclaimed 2231 seconds 42.45489692687988
PASS fresh aligned/exchange word h=23, roles=26409
carry exchanges 0 634
carry exchanges 1 17
carry exchanges 2 10
carry two-cycles 0 46
carry two-cycles 1 0
compile 25 0 6 reclaimed 0 seconds 52.79894828796387
compile 25 5000 17369 reclaimed 0 seconds 53.65013933181763
compile 25 10000 22344 reclaimed 0 seconds 54.336875200271606
compile 25 15000 24820 reclaimed 595 seconds 55.032493114471436
compile 25 20000 25532 reclaimed 795 seconds 55.427485942840576
compile 25 25000 26968 reclaimed 1153 seconds 55.97869420051575
compile 25 30000 27101 reclaimed 1201 seconds 56.29466915130615
compile 25 35000 27532 reclaimed 1462 seconds 56.730916261672974
compile 25 40000 27668 reclaimed 1474 seconds 57.054744243621826
compile 25 45000 27858 reclaimed 1520 seconds 57.4199743270874
compile 25 50000 28019 reclaimed 1544 seconds 57.77010917663574
compile 25 55000 28202 reclaimed 1595 seconds 58.171274185180664
compile 25 60000 28421 reclaimed 1595 seconds 58.557594299316406
compile 25 65000 28752 reclaimed 1615 seconds 59.010191202163696
compile 25 70000 28931 reclaimed 1681 seconds 59.449350118637085
compile 25 75000 29270 reclaimed 1812 seconds 59.97675704956055
compile 25 80000 29558 reclaimed 1839 seconds 60.46020197868347
compile 25 85000 30167 reclaimed 1880 seconds 61.10592794418335
compile 25 90000 31043 reclaimed 2127 seconds 61.89259910583496
compile 25 95000 32945 reclaimed 2721 seconds 63.4251070022583
compile 25 100000 34126 reclaimed 2741 seconds 64.22212195396423
compile 25 105000 34772 reclaimed 2756 seconds 64.91414213180542
PASS fresh aligned/exchange word h=25, roles=34772
python3 research/aligned-exchange-frames/graph_audit.py
PASS independent aligned-partition graph audit h=23 and h=25
python3 research/aligned-exchange-frames/check.py
profiles 10000 of 189802
profiles 20000 of 189802
profiles 30000 of 189802
profiles 40000 of 189802
CRT matrices 5083 differing modular profiles 0
RANKONE h 23 longest 21 output /var/folders/4y/j74qpf6s40540trhptstlxt40000gn/T/aligned-exchange-check-wslevv61/word-23.bin.profiles.json
PASS full dirty replay, literal transitions, exact profiles h=23
profiles 10000 of 259996
profiles 20000 of 259996
profiles 30000 of 259996
profiles 40000 of 259996
profiles 50000 of 259996
CRT matrices 5955 differing modular profiles 0
RANKONE h 25 longest 23 output /var/folders/4y/j74qpf6s40540trhptstlxt40000gn/T/aligned-exchange-check-wslevv61/word-25.bin.profiles.json
PASS full dirty replay, literal transitions, exact profiles h=25
EXACT 5.278214423139e-05 5278214423139/100000000000000000 W 130468512 roles [26409, 34772] gain71% 2.6597443160142125
PASS exact moment, next-grid exclusions, 47 inequalities and seven margins
python3 research/aligned-exchange-frames/independent_check.py
PASS independent exact moment, paid profile, 47 constraints and seven margins
PASS independent finite arithmetic and frozen source audit
