'Mathproof.BeyondNLogN.TakeoverBit.partialSwap_apply' depends on axioms: [propext, Quot.sound]
'Mathproof.BeyondNLogN.TakeoverBit.partialSwap_zero' depends on axioms: [propext, Quot.sound]
'Mathproof.BeyondNLogN.TakeoverBit.partialSwap_comp_disjoint' depends on axioms: [propext, Classical.choice, Quot.sound]
'Mathproof.BeyondNLogN.TakeoverBit.partialSwap_involutive' depends on axioms: [propext, Classical.choice, Quot.sound]
'Mathproof.BeyondNLogN.TakeoverBit.partialSwap_id' depends on axioms: [propext, Quot.sound]
'Mathproof.BeyondNLogN.TakeoverBit.partialSwap_commute' depends on axioms: [propext, Classical.choice, Quot.sound]
'Mathproof.BeyondNLogN.TakeoverBit.bankSwap_eq_sum' depends on axioms: [propext, Classical.choice, Quot.sound]
'Mathproof.BeyondNLogN.TakeoverBit.bankSwap_full' depends on axioms: [propext, Classical.choice, Quot.sound]
'Mathproof.BeyondNLogN.TakeoverBit.weighted_apply' depends on axioms: [propext, Quot.sound]
'Mathproof.BeyondNLogN.TakeoverBit.weighted_comp' depends on axioms: [propext, Quot.sound]
'Mathproof.BeyondNLogN.TakeoverBit.weighted_id' depends on axioms: [propext, Quot.sound]
'Mathproof.BeyondNLogN.TakeoverBit.weightedBank_eq' depends on axioms: [propext, Quot.sound]
'Mathproof.BeyondNLogN.TakeoverBit.weightedBank_full' depends on axioms: [propext, Classical.choice, Quot.sound]
'Mathproof.BeyondNLogN.TakeoverBit.coordinateProjector_apply' depends on axioms: [propext, Quot.sound]
'Mathproof.BeyondNLogN.TakeoverBit.coordinateProjector_idempotent' depends on axioms: [propext, Quot.sound]
'Mathproof.BeyondNLogN.TakeoverBit.coordinateProjector_disjoint' depends on axioms: [propext, Quot.sound]
'Mathproof.BeyondNLogN.TakeoverBit.coordinateProjector_sum' depends on axioms: [propext, Quot.sound]
'Mathproof.BeyondNLogN.TakeoverBit.coordinateBank_full' depends on axioms: [propext, Classical.choice, Quot.sound]
'Mathproof.BeyondNLogN.TakeoverBit.bankAddress_bijective' depends on axioms: [propext]
'Mathproof.BeyondNLogN.TakeoverBit.bankAddress_roles_injective' depends on axioms: [propext]
'Mathproof.BeyondNLogN.TakeoverBit.P12.selected_block_capacity' depends on axioms: [propext,
 Classical.choice,
 Quot.sound]
'Mathproof.BeyondNLogN.TakeoverBit.P12.undeferred_block_capacity' depends on axioms: [propext,
 Classical.choice,
 Quot.sound]
'Mathproof.BeyondNLogN.TakeoverBit.P12.selected_bank_full' depends on axioms: [propext, Classical.choice, Quot.sound]
'Mathproof.BeyondNLogN.TakeoverBit.P12.undeferred_bank_full' depends on axioms: [propext, Classical.choice, Quot.sound]
'Mathproof.BeyondNLogN.TakeoverBit.P12.inherited_rank_mass' depends on axioms: [propext]
'Mathproof.BeyondNLogN.TakeoverBit.P12.removed_exterior_count' does not depend on any axioms
'Mathproof.BeyondNLogN.TakeoverBit.P12.packed_rank_mass' depends on axioms: [propext]
'Mathproof.BeyondNLogN.TakeoverBit.P12.packed_max_rank' does not depend on any axioms
'Mathproof.BeyondNLogN.TakeoverBit.P12.normalized_volume' depends on axioms: [propext, Classical.choice, Quot.sound]
'Mathproof.BeyondNLogN.TakeoverBit.P12.packed_deficit' depends on axioms: [propext, Classical.choice, Quot.sound]
'Mathproof.BeyondNLogN.TakeoverBit.P12.actual_role_counts' does not depend on any axioms
'Mathproof.BeyondNLogN.TakeoverBit.P12.selected_weighted_bank_full' depends on axioms: [propext,
 Classical.choice,
 Quot.sound]
'Mathproof.BeyondNLogN.TakeoverBit.P12.undeferred_weighted_bank_full' depends on axioms: [propext,
 Classical.choice,
 Quot.sound]
'Mathproof.BeyondNLogN.TakeoverBit.Contents.run_eq_address' depends on axioms: [propext, Quot.sound]
'Mathproof.BeyondNLogN.TakeoverBit.Contents.run_full' depends on axioms: [propext, Classical.choice, Quot.sound]
'Mathproof.BeyondNLogN.TakeoverBit.Contents.p12_selected_contents' depends on axioms: [propext,
 Classical.choice,
 Quot.sound]
'Mathproof.BeyondNLogN.TakeoverBit.Contents.p12_undeferred_contents' depends on axioms: [propext,
 Classical.choice,
 Quot.sound]
'Mathproof.BeyondNLogN.TakeoverBit.PR161P12.inherited_rank_mass' depends on axioms: [propext]
'Mathproof.BeyondNLogN.TakeoverBit.PR161P12.removed_exterior_count' does not depend on any axioms
'Mathproof.BeyondNLogN.TakeoverBit.PR161P12.packed_rank_mass' depends on axioms: [propext]
'Mathproof.BeyondNLogN.TakeoverBit.PR161P12.packed_max_rank' does not depend on any axioms
'Mathproof.BeyondNLogN.TakeoverBit.PR161P12.normalized_volume' depends on axioms: [propext,
 Classical.choice,
 Quot.sound]
'Mathproof.BeyondNLogN.TakeoverBit.PR161P12.packed_deficit' depends on axioms: [propext, Classical.choice, Quot.sound]
'Mathproof.BeyondNLogN.TakeoverBit.PR161P12.actual_role_counts' does not depend on any axioms
'Mathproof.BeyondNLogN.TakeoverBit.PR161P12.actual_bank_and_inventory_certificate' depends on axioms: [propext,
 Classical.choice,
 Quot.sound]
'Mathproof.BeyondNLogN.TakeoverLiteralGuard20261008.literal_charge_lt' depends on axioms: [propext,
 Classical.choice,
 Quot.sound]
'Mathproof.BeyondNLogN.TakeoverLiteralGuard20261008.finite_row_reserve' depends on axioms: [propext,
 Classical.choice,
 Quot.sound]
'Mathproof.BeyondNLogN.TakeoverLiteralGuard20261008.row_reserve_value' depends on axioms: [propext,
 Classical.choice,
 Quot.sound]
'Mathproof.BeyondNLogN.TakeoverBalanced16320261009.core_slacks_positive' depends on axioms: [propext,
 Classical.choice,
 Quot.sound]
'Mathproof.BeyondNLogN.TakeoverBalanced16320261009.all_47_slacks_positive' depends on axioms: [propext,
 Classical.choice,
 Quot.sound]
'Mathproof.BeyondNLogN.TakeoverBalanced16320261009.strengthened_public_margin' depends on axioms: [propext,
 Classical.choice,
 Quot.sound]
'Mathproof.BeyondNLogN.TakeoverBalanced16320261009.all_47_concrete_guards' depends on axioms: [propext,
 Classical.choice,
 Quot.sound]
