Traceback (most recent call last):
  File "/Users/dominik/integer-mult-bounds-incremental/research/round9-balanced-columns/run.py", line 102, in <module>
    if __name__=='__main__':main()
                            ~~~~^^
  File "/Users/dominik/integer-mult-bounds-incremental/research/round9-balanced-columns/run.py", line 93, in main
    try:result,word=compiler.compile_(a.h,matching=True,reclaim=True,dirty=True)
                    ~~~~~~~~~~~~~~~~~^^^^^^^^^^^^^^^^^^^^^^^^^^^^^^^^^^^^^^^^^^^
  File "/Users/dominik/integer-mult-bounds-incremental/research/round6-pr71/baseline/scripts/experiments/split_pair_engine.py", line 120, in compile_
    t0=time.time();c,blocks,uses,value_uses,owner,signal,order,contains=build(h);v=len(c.inputs)
                                                                        ~~~~~^^^
  File "/Users/dominik/integer-mult-bounds-incremental/research/round6-pr71/baseline/references/frame-compiler/pr65/research/reordered-rank-pair/verify.py", line 34, in build
    parts=list(original(h))
               ~~~~~~~~^^^
  File "/Users/dominik/integer-mult-bounds-incremental/research/round6-pr71/baseline/scripts/experiments/split_pair_engine.py", line 39, in build
    c=graph(h);groups={};owner={};signal={};blocks=[]
  File "/Users/dominik/integer-mult-bounds-incremental/research/round9-balanced-columns/run.py", line 33, in <lambda>
    compiler.graph=lambda h: schedule_variant.reorder(coarse_graph.graph(h,coarse='columns'));compiler.build=producer.ordered_build(compiler.build,a.h)
                             ~~~~~~~~~~~~~~~~~~~~~~~~^^^^^^^^^^^^^^^^^^^^^^^^^^^^^^^^^^^^^^^^
  File "/Users/dominik/integer-mult-bounds-incremental/research/round9-balanced-columns/schedule_variant.py", line 34, in reorder
    c.verify()
    ~~~~~~~~^^
  File "/Users/dominik/integer-mult-bounds-incremental/research/round6-pr71/baseline/references/frame-compiler/pr48/scripts/partial_swap/shared.py", line 111, in verify
    assert not A&B
           ^^^^^^^
AssertionError
