python3 scripts/experiments/verify_split_pair.py
built 23 59801 regions
augment 100 44037
matched 44071 seconds 10.929322004318237
compile 23 0 6 reclaimed 0 seconds 10.955400943756104
compile 23 5000 17390 reclaimed 0 seconds 34.657591104507446
compile 23 10000 20143 reclaimed 75 seconds 53.21563506126404
compile 23 15000 21330 reclaimed 80 seconds 64.16637587547302
compile 23 20000 21753 reclaimed 264 seconds 71.01684093475342
compile 23 25000 22009 reclaimed 326 seconds 74.81983184814453
compile 23 30000 22317 reclaimed 328 seconds 78.70054793357849
compile 23 35000 23016 reclaimed 397 seconds 87.66750907897949
compile 23 40000 23337 reclaimed 446 seconds 92.4388518333435
compile 23 45000 24875 reclaimed 656 seconds 115.76638698577881
compile 23 50000 27010 reclaimed 916 seconds 156.06869506835938
compile 23 55000 27455 reclaimed 925 seconds 164.7066650390625
PASS h=23: full dirty basis, exact frame path, every fixed-basis profile
built 25 84843 regions
augment 100 64126
augment 200 64226
matched 64255 seconds 29.088817834854126
compile 25 0 12 reclaimed 0 seconds 29.124780654907227
compile 25 5000 20739 reclaimed 0 seconds 57.97369170188904
compile 25 10000 24755 reclaimed 28 seconds 81.21535158157349
compile 25 15000 26756 reclaimed 171 seconds 98.64744186401367
compile 25 20000 27906 reclaimed 239 seconds 111.04947185516357
compile 25 25000 28361 reclaimed 469 seconds 119.40267753601074
compile 25 30000 28646 reclaimed 489 seconds 123.18647384643555
compile 25 35000 28875 reclaimed 498 seconds 126.07488179206848
compile 25 40000 29216 reclaimed 529 seconds 130.9202365875244
compile 25 45000 29434 reclaimed 529 seconds 133.65884375572205
compile 25 50000 29827 reclaimed 576 seconds 139.3287968635559
compile 25 55000 30552 reclaimed 694 seconds 149.6639506816864
compile 25 60000 30720 reclaimed 726 seconds 152.2430489063263
compile 25 65000 31943 reclaimed 844 seconds 170.2963628768921
compile 25 70000 34982 reclaimed 1240 seconds 235.61235666275024
compile 25 75000 35754 reclaimed 1362 seconds 258.89283990859985
compile 25 80000 36015 reclaimed 1373 seconds 266.4335548877716
PASS h=25: full dirty basis, exact frame path, every fixed-basis profile
PASS finite conditional kappa=51414646104039/1000000000000000000; bit saving=12854322426487/250000000000000000
PASS exact recurrence, 47 strict inequalities, seven margins, eventual cutoffs
python3 -m unittest discover -s tests -p 'test_split_pair*.py' -v
test_aliased_terminal_role_is_rejected (test_split_pair.SplitPairControls.test_aliased_terminal_role_is_rejected) ... ok
test_backward_schedule_dependency_and_carrier_rejected (test_split_pair.SplitPairControls.test_backward_schedule_dependency_and_carrier_rejected) ... ok
test_complete_pr67_profile_fails_new_bit_saving (test_split_pair.SplitPairControls.test_complete_pr67_profile_fails_new_bit_saving) ... ok
test_failed_compilation_restores_engine_graph_and_schedule (test_split_pair.SplitPairControls.test_failed_compilation_restores_engine_graph_and_schedule) ... ok
test_failed_graph_build_restores_original_providers (test_split_pair.SplitPairControls.test_failed_graph_build_restores_original_providers) ... ok
test_mass_preserving_profile_mutation_is_rejected (test_split_pair.SplitPairControls.test_mass_preserving_profile_mutation_is_rejected) ... ok
test_missing_copied_center_is_rejected (test_split_pair.SplitPairControls.test_missing_copied_center_is_rejected) ... ok
test_missing_profile_pin_is_rejected (test_split_pair.SplitPairControls.test_missing_profile_pin_is_rejected) ... ok
test_next_fine_grid_points_and_old_assembly_controls_reject (test_split_pair.SplitPairControls.test_next_fine_grid_points_and_old_assembly_controls_reject) ... ok
test_non_nested_operation_frame_is_rejected (test_split_pair.SplitPairControls.test_non_nested_operation_frame_is_rejected) ... ok
test_omitted_literal_xor_is_rejected (test_split_pair.SplitPairControls.test_omitted_literal_xor_is_rejected) ... ok
test_omitted_transition_cannot_reduce_paid_profile (test_split_pair.SplitPairControls.test_omitted_transition_cannot_reduce_paid_profile) ... ok
test_optimized_python_is_rejected_by_every_new_entry (test_split_pair.SplitPairControls.test_optimized_python_is_rejected_by_every_new_entry) ... ok
test_private_import_preserves_path_and_arithmetic_module (test_split_pair.SplitPairControls.test_private_import_preserves_path_and_arithmetic_module) ... ok
test_recursive_weighted_exclusions_and_contraction (test_split_pair.SplitPairControls.test_recursive_weighted_exclusions_and_contraction) ... ok
test_selected_words_pass_independent_replay (test_split_pair.SplitPairControls.test_selected_words_pass_independent_replay) ... ok
test_self_xor_is_rejected (test_split_pair.SplitPairControls.test_self_xor_is_rejected) ... ok
test_uncertified_configurations_are_rejected (test_split_pair.SplitPairControls.test_uncertified_configurations_are_rejected) ... ok
test_understated_physical_width_is_rejected (test_split_pair.SplitPairControls.test_understated_physical_width_is_rejected) ... ok
test_current_and_future_containment_and_passive_signal (test_split_pair_pending.PendingControlTests.test_current_and_future_containment_and_passive_signal) ... ok
test_next_use_score_and_both_full_space_fallbacks (test_split_pair_pending.PendingControlTests.test_next_use_score_and_both_full_space_fallbacks) ... ok
test_removing_future_containment_reaches_adverse_fixture (test_split_pair_pending.PendingControlTests.test_removing_future_containment_reaches_adverse_fixture) ... ok
test_selected_words_exercise_pending_controls (test_split_pair_pending.PendingControlTests.test_selected_words_exercise_pending_controls) ... ok

----------------------------------------------------------------------
Ran 23 tests in 32.099s

OK
