python3 scripts/experiments/verify_joint_dual.py
built 23 36626 regions
augment 100 11854
augment 200 11954
matched 11974 seconds 1.1872930526733398
compile 23 0 6 reclaimed 0 seconds 1.1903941631317139
compile 23 5000 16729 reclaimed 19 seconds 1.4306972026824951
compile 23 10000 20965 reclaimed 172 seconds 4.835050106048584
compile 23 15000 22929 reclaimed 607 seconds 8.33230209350586
compile 23 20000 25536 reclaimed 1200 seconds 14.73390007019043
compile 23 25000 28333 reclaimed 1562 seconds 26.35189127922058
compile 23 30000 30127 reclaimed 1786 seconds 38.67737531661987
compile 23 35000 30688 reclaimed 1853 seconds 43.75076699256897
PASS h=23: full dirty basis, exact frame path, every fixed-basis profile
built 25 48675 regions
augment 100 16090
augment 200 16190
matched 16276 seconds 1.938107967376709
compile 25 0 6 reclaimed 0 seconds 1.9412097930908203
compile 25 5000 19564 reclaimed 0 seconds 2.0423030853271484
compile 25 10000 25624 reclaimed 50 seconds 5.3541200160980225
compile 25 15000 28089 reclaimed 718 seconds 9.66017484664917
compile 25 20000 29883 reclaimed 986 seconds 13.479485988616943
compile 25 25000 32329 reclaimed 1785 seconds 20.842643976211548
compile 25 30000 35471 reclaimed 2135 seconds 34.20222187042236
compile 25 35000 37806 reclaimed 2408 seconds 49.62982392311096
compile 25 40000 39609 reclaimed 2613 seconds 67.92362403869629
compile 25 45000 40338 reclaimed 2711 seconds 76.70004487037659
PASS h=25: full dirty basis, exact frame path, every fixed-basis profile
PASS conditional kappa=4764513337/100000000000000; bit saving=2382370177/50000000000000
PASS exact recurrence, 47 strict inequalities, seven margins, eventual cutoffs
python3 -m unittest discover -s tests -p 'test_joint_reclaim.py' -v
test_aliased_terminal_role_is_rejected (test_joint_reclaim.JointReclamationControls.test_aliased_terminal_role_is_rejected) ... ok
test_complete_pr58_profile_fails_new_bit_saving (test_joint_reclaim.JointReclamationControls.test_complete_pr58_profile_fails_new_bit_saving) ... ok
test_missing_copied_center_is_rejected (test_joint_reclaim.JointReclamationControls.test_missing_copied_center_is_rejected) ... ok
test_non_nested_operation_frame_is_rejected (test_joint_reclaim.JointReclamationControls.test_non_nested_operation_frame_is_rejected) ... ok
test_omitted_literal_xor_is_rejected (test_joint_reclaim.JointReclamationControls.test_omitted_literal_xor_is_rejected) ... ok
test_omitted_transition_cannot_reduce_paid_profile (test_joint_reclaim.JointReclamationControls.test_omitted_transition_cannot_reduce_paid_profile) ... ok
test_optimized_python_is_rejected_by_every_new_entry (test_joint_reclaim.JointReclamationControls.test_optimized_python_is_rejected_by_every_new_entry) ... ok
test_selected_words_pass_independent_replay (test_joint_reclaim.JointReclamationControls.test_selected_words_pass_independent_replay) ... ok
test_self_xor_is_rejected (test_joint_reclaim.JointReclamationControls.test_self_xor_is_rejected) ... ok
test_understated_physical_width_is_rejected (test_joint_reclaim.JointReclamationControls.test_understated_physical_width_is_rejected) ... ok

----------------------------------------------------------------------
Ran 10 tests in 16.020s

OK
