python3 research/balanced-split-frames/producer.py
built 23 59801 regions
built 25 84843 regions
matched 41730 seconds 5.694044828414917
compile 23 0 6 reclaimed 0 seconds 5.7212419509887695
matched 60971 seconds 12.634300947189331
compile 25 0 6 reclaimed 0 seconds 12.67017912864685
compile 23 5000 18144 reclaimed 0 seconds 26.54247283935547
compile 23 10000 19978 reclaimed 994 seconds 39.028857946395874
compile 25 5000 21816 reclaimed 0 seconds 43.70745134353638
compile 23 15000 21444 reclaimed 996 seconds 46.99696397781372
compile 23 20000 21706 reclaimed 1316 seconds 50.794564962387085
compile 23 25000 21964 reclaimed 1378 seconds 52.94722390174866
compile 23 30000 22221 reclaimed 1393 seconds 54.78183603286743
compile 23 35000 22712 reclaimed 1466 seconds 58.58374810218811
compile 23 40000 23152 reclaimed 1582 seconds 62.356334924697876
compile 25 10000 24677 reclaimed 730 seconds 62.89871525764465
compile 23 45000 24095 reclaimed 1681 seconds 70.55856585502625
compile 25 15000 26625 reclaimed 1304 seconds 80.10340929031372
compile 25 20000 28375 reclaimed 1304 seconds 94.66140604019165
compile 25 25000 28643 reclaimed 1644 seconds 100.28705430030823
compile 25 30000 28873 reclaimed 1804 seconds 103.87534022331238
compile 23 50000 26736 reclaimed 2264 seconds 106.30345487594604
compile 25 35000 29127 reclaimed 1807 seconds 106.32281613349915
compile 25 40000 29462 reclaimed 1842 seconds 109.9435920715332
compile 23 55000 27136 reclaimed 2274 seconds 112.0527458190918
compile 25 45000 29700 reclaimed 1842 seconds 112.26699113845825
compile 25 50000 30014 reclaimed 1871 seconds 115.52553296089172
PASS fresh balanced/split/core word h=23, roles=27136
compile 25 55000 30777 reclaimed 2028 seconds 124.256019115448
compile 25 60000 30938 reclaimed 2050 seconds 126.1187961101532
compile 25 65000 31859 reclaimed 2155 seconds 136.19817519187927
compile 25 70000 34222 reclaimed 2669 seconds 160.17445826530457
compile 25 75000 35621 reclaimed 3062 seconds 175.41600728034973
compile 25 80000 35744 reclaimed 3203 seconds 178.03412103652954
PASS fresh balanced/split/core word h=25, roles=35744
python3 research/balanced-split-frames/graph_audit.py
PASS independent balanced/split graph audit h=23 and h=25
python3 research/balanced-split-frames/check.py
profiles 10000 of 151909
profiles 20000 of 151909
profiles 30000 of 151909
CRT matrices 5488 differing modular profiles 0
RANKONE h 23 longest 21 output /var/folders/4y/j74qpf6s40540trhptstlxt40000gn/T/balanced-split-check-3evjnw4y/word-23.bin.profiles.json
PASS full dirty replay, literal transitions, exact profiles h=23
profiles 10000 of 212590
profiles 20000 of 212590
profiles 30000 of 212590
profiles 40000 of 212590
profiles 50000 of 212590
CRT matrices 7623 differing modular profiles 0
RANKONE h 25 longest 23 output /var/folders/4y/j74qpf6s40540trhptstlxt40000gn/T/balanced-split-check-3evjnw4y/word-25.bin.profiles.json
PASS full dirty replay, literal transitions, exact profiles h=25
EXACT 5.1830998133565e-05 10366199626713/200000000000000000 W 133862024 roles [27136, 35744] gain71% 0.8097926584644769
PASS exact moment, next-grid exclusions, 47 inequalities and seven margins
python3 research/balanced-split-frames/independent_check.py
PASS independent exact moment, paid profile, 47 constraints and seven margins
PASS independent finite arithmetic and frozen source audit
