03:18:32 UTC  Regenerating PR263's pinned PR249 source, the cohort rewrite, the descent retiming and all seven native checkers
01-regenerate-upstream
compile-cohort-bank-review
compile-cohort-finite-invoice
compile-cohort-five-stage-columns
compile-cohort-legality-independent
compile-cohort-prefix-independent
compile-cohort-price
compile-cohort-transform
02-transform
02b-descent-retiming
03-independent-legality
04-independent-prefix
05-bank-charts-and-assignment
06-five-stage-columns
07-exact-price
08-finite-invoice
PASS: kappa = 0.000711032238200698
Certificate: /private/tmp/crosscut-publication-replay/baseline/CERTIFICATE.json
03:21:28 UTC  Recomputing exact fixed-prime moments, finite cutoffs, and outer assembly
{"candidate_manifest_sha256": "ebe01f93553484c678bac788b0f0dc35774856892e50b31536ade6212a1a15b8", "exact_gain": "3933374007667807/1000000000000000000000000000", "inputs_unchanged": true, "kappa": "711032242134072007667807/1000000000000000000000000000", "native_checkers": 7, "package_files": 12, "parent_commit": "87129308f762f86a9d8e9a60f5d6c8ef23ce1f6e", "parent_status": "PASS_ALL_SEVEN_NATIVE_CHECKERS_AND_PINNED_RECEIPTS", "status": "PASS_PR263_MULTICUT_DESCENT_FIXED_PRIME_REFINEMENT", "strict_outer_constraints": 47}
