{
  "actual_helper_roles": 16587,
  "actual_role_replica_stage_assignments": 3317400,
  "assignment_fnv1a64": "10070781867089321366",
  "bank_patterns": [
    {
      "count": 240,
      "widths": [
        11,
        11,
        11,
        11,
        11,
        11,
        11,
        11,
        4,
        4,
        4,
        4,
        4,
        4,
        4,
        4
      ]
    },
    {
      "count": 50,
      "widths": [
        7,
        7,
        7,
        7,
        4,
        4,
        4,
        4,
        4,
        4,
        4,
        4,
        4,
        4,
        4,
        4,
        4,
        4,
        4,
        4,
        4,
        4,
        4,
        4,
        4,
        4,
        4
      ]
    },
    {
      "count": 44,
      "widths": [
        6,
        6,
        6,
        6,
        6,
        6,
        6,
        6,
        6,
        6,
        6,
        6,
        6,
        6,
        6,
        6,
        6,
        6,
        6,
        6
      ]
    },
    {
      "count": 92,
      "widths": [
        12,
        12,
        12,
        12,
        12,
        12,
        12,
        12,
        12,
        12
      ]
    },
    {
      "count": 10,
      "widths": [
        15,
        15,
        15,
        15,
        15,
        15,
        15,
        15
      ]
    },
    {
      "count": 20,
      "widths": [
        7,
        7,
        7,
        7,
        4,
        4,
        4,
        4,
        4,
        4,
        4,
        4,
        4,
        4,
        4,
        4,
        4,
        4,
        4,
        4,
        4,
        4,
        4,
        4,
        4,
        4,
        4
      ]
    },
    {
      "count": 40,
      "widths": [
        9,
        9,
        9,
        9,
        4,
        4,
        4,
        4,
        4,
        4,
        4,
        4,
        4,
        4,
        4,
        4,
        4,
        4,
        4,
        4,
        4,
        4,
        4,
        4,
        4
      ]
    },
    {
      "count": 10,
      "widths": [
        10,
        10,
        10,
        10,
        4,
        4,
        4,
        4,
        4,
        4,
        4,
        4,
        4,
        4,
        4,
        4,
        4,
        4,
        4,
        4,
        4,
        4,
        4,
        4
      ]
    },
    {
      "count": 70,
      "widths": [
        11,
        11,
        11,
        11,
        4,
        4,
        4,
        4,
        4,
        4,
        4,
        4,
        4,
        4,
        4,
        4,
        4,
        4,
        4,
        4,
        4,
        4,
        4
      ]
    },
    {
      "count": 70,
      "widths": [
        12,
        12,
        12,
        12,
        4,
        4,
        4,
        4,
        4,
        4,
        4,
        4,
        4,
        4,
        4,
        4,
        4,
        4,
        4,
        4,
        4,
        4
      ]
    },
    {
      "count": 190,
      "widths": [
        13,
        13,
        13,
        13,
        4,
        4,
        4,
        4,
        4,
        4,
        4,
        4,
        4,
        4,
        4,
        4,
        4,
        4,
        4,
        4,
        4
      ]
    },
    {
      "count": 20,
      "widths": [
        14,
        14,
        14,
        14,
        4,
        4,
        4,
        4,
        4,
        4,
        4,
        4,
        4,
        4,
        4,
        4,
        4,
        4,
        4,
        4
      ]
    },
    {
      "count": 180,
      "widths": [
        15,
        15,
        15,
        15,
        4,
        4,
        4,
        4,
        4,
        4,
        4,
        4,
        4,
        4,
        4,
        4,
        4,
        4,
        4
      ]
    },
    {
      "count": 10,
      "widths": [
        16,
        16,
        16,
        16,
        4,
        4,
        4,
        4,
        4,
        4,
        4,
        4,
        4,
        4,
        4,
        4,
        4,
        4
      ]
    },
    {
      "count": 10,
      "widths": [
        18,
        18,
        18,
        18,
        4,
        4,
        4,
        4,
        4,
        4,
        4,
        4,
        4,
        4,
        4,
        4
      ]
    },
    {
      "count": 240,
      "widths": [
        19,
        19,
        19,
        19,
        4,
        4,
        4,
        4,
        4,
        4,
        4,
        4,
        4,
        4,
        4
      ]
    },
    {
      "count": 190,
      "widths": [
        20,
        20,
        20,
        20,
        4,
        4,
        4,
        4,
        4,
        4,
        4,
        4,
        4,
        4
      ]
    },
    {
      "count": 30,
      "widths": [
        21,
        21,
        21,
        21,
        4,
        4,
        4,
        4,
        4,
        4,
        4,
        4,
        4
      ]
    },
    {
      "count": 440,
      "widths": [
        22,
        22,
        22,
        22,
        4,
        4,
        4,
        4,
        4,
        4,
        4,
        4
      ]
    },
    {
      "count": 7350,
      "widths": [
        23,
        23,
        23,
        23,
        4,
        4,
        4,
        4,
        4,
        4,
        4
      ]
    },
    {
      "count": 485,
      "widths": [
        4,
        4,
        4,
        4,
        4,
        4,
        4,
        4,
        4,
        4,
        4,
        4,
        4,
        4,
        4,
        4,
        4,
        4,
        4,
        4,
        4,
        4,
        4,
        4,
        4,
        4,
        4,
        4,
        4,
        4
      ]
    },
    {
      "count": 107200,
      "widths": [
        24,
        24,
        24,
        24,
        24
      ]
    }
  ],
  "banks_per_stage": 116991,
  "covered_address_rank_mass": 70194600,
  "endpoint_address_columns": 10560,
  "label": "crosscut_response_pairs",
  "literal_stock": 866555,
  "max_block_scalar": 30,
  "max_intermediate_denominator": "704",
  "max_intermediate_numerator": "704",
  "max_new_chart_factors": 262,
  "new_entrance_rank": 1716,
  "new_exact_charts": 916,
  "new_gauged_roles": 887,
  "nonzero_omission_repeat_control_columns": 10560,
  "normalized_stock": 173311,
  "normalizer_factor_ceiling": 787,
  "prime_guard": "every elimination pivot and emitted coefficient has numerator and denominator magnitude below2^80",
  "residual_families": {
    "10": 1,
    "11": 55,
    "12": 30,
    "13": 19,
    "14": 2,
    "15": 20,
    "16": 1,
    "18": 1,
    "19": 24,
    "20": 19,
    "21": 3,
    "22": 44,
    "23": 735,
    "24": 13400,
    "4": 2200,
    "6": 22,
    "7": 7,
    "9": 4
  },
  "saved_literal_banks": 2860,
  "scope": "Exact chart and role census, residual conjugacy, complete bank tiling, and finite selector charge. Full physical word, global columns, and pricing checked separately.",
  "selector_charge": 626937133600,
  "status": "PASS_GENERIC_EXACT_CHARTS_ACTUAL_BANK_ALLOCATION"
}
