stage 0 PASS elapsed 0.056208s
stage 1 PASS elapsed 0.112848s
stage 2 PASS elapsed 0.163379s
stage 3 PASS elapsed 0.21441s
stage 4 PASS elapsed 0.264513s
{
  "bridge_additions": 10560,
  "copied_center_original_source_immutable": true,
  "five_stage_additions": 3635475,
  "formal_columns_checked": 23627,
  "fresh_center_copies": 120,
  "global_live_registers": 23627,
  "independent_dirty_registers": 16587,
  "local_odd_scalar_additions": 727095,
  "local_raw_H": [
    [
      1,
      43223
    ],
    [
      2,
      18972
    ],
    [
      3,
      9645
    ],
    [
      4,
      3035
    ],
    [
      5,
      2341
    ],
    [
      6,
      1575
    ],
    [
      7,
      1202
    ],
    [
      8,
      642
    ],
    [
      9,
      631
    ],
    [
      10,
      767
    ],
    [
      11,
      442
    ],
    [
      12,
      1510
    ],
    [
      13,
      589
    ],
    [
      14,
      1067
    ],
    [
      15,
      241
    ],
    [
      16,
      1000
    ],
    [
      17,
      469
    ],
    [
      18,
      487
    ],
    [
      19,
      323
    ],
    [
      20,
      1358
    ],
    [
      21,
      5589
    ],
    [
      22,
      1344
    ]
  ],
  "local_registers": 20107,
  "local_scalar_additions": 727095,
  "local_scalar_stream": "/private/tmp/crosscut-publication-replay/candidate-plateau/COHORT249-RECORDS.bin",
  "negative_controls": [
    {
      "omit_bridge": 0,
      "rejected": true
    },
    {
      "omit_bridge": 1,
      "rejected": true
    },
    {
      "omit_bridge": 2,
      "rejected": true
    },
    {
      "omit_bridge": 3,
      "rejected": true
    },
    {
      "omit_bridge": 4,
      "rejected": true
    },
    {
      "omit_bridge": 5,
      "rejected": true
    }
  ],
  "new_Q_categories": [
    28,
    29
  ],
  "payload_prefix_bits": 98,
  "payload_prefix_upper": "312351038582957283979738080000",
  "reverse_fresh_center_copies": 48,
  "scope": "All 23627 independent physical input columns over F2, including all arbitrary helper dirt, restored; external copied-center work closes to zero. New cohort scalar lift uses actual signed coefficients and computed cancellation-free bounds; unchanged source527 signed decoder remains separate defining evidence. Physical projector routing and paid rank/bank receipts are independently bound, not inferred from scalar check.",
  "seconds": 0.267692875,
  "signed_lift_prefix": [
    {
      "bits": 17,
      "cancellation_free_signed_row_l1_upper": "74307",
      "reverse": false
    },
    {
      "bits": 22,
      "cancellation_free_signed_row_l1_upper": "3448950",
      "reverse": true
    }
  ],
  "signed_reverse_semantics": "Reverse ADD coefficient negated; reverse DISCARD is fresh COPY from recorded unchanged original center; reverse COPY is DISCARD. Each such block is inverse over every commutative coefficient ring, by elementary-shear induction.",
  "stages": [
    {
      "fresh_copies": 24,
      "scalar_additions": 727095,
      "signed_inverse": false,
      "stage": 0
    },
    {
      "fresh_copies": 24,
      "scalar_additions": 727095,
      "signed_inverse": true,
      "stage": 1
    },
    {
      "fresh_copies": 24,
      "scalar_additions": 727095,
      "signed_inverse": false,
      "stage": 2
    },
    {
      "fresh_copies": 24,
      "scalar_additions": 727095,
      "signed_inverse": true,
      "stage": 3
    },
    {
      "fresh_copies": 24,
      "scalar_additions": 727095,
      "signed_inverse": false,
      "stage": 4
    }
  ],
  "status": "PASS_NEW_COHORT249_ALL_FIVE_STAGE_FORMAL_COLUMNS_AND_PREFIX_BILL"
}
