[  165s] exact base frames: 64042 node frames (56460 lifted), 1396 late-copy intersections
[  165s] X. recorded frame dims == exact dims (64042 node frames, 1396 late-copy intersections)               PASS
[  165s] X. every slot moves along slot successors of the witness, starts at its use, ends at its root (28866 slots) PASS
[  166s] Q. sigma_u and s_i bases independent (rank mod 2^31-1 == row count; 11565 + 11374 frames, max |entry| 13) PASS
[  219s] Q. sigma_u <= F0(u) exactly (11565 deferred slots)                                                   PASS
[  220s] Q. sigma_u <= t_T^perp exactly for every Z-support target (a superset of the F2 targets)             PASS
[  226s] Q. deferred levels on every y_T nested in time order, exactly (Z targets 0 bad, F2 targets 0 bad)    PASS
[  247s] Q. G nondegenerate on every sigma_u and s_i (Gram det != 0 mod 2^31-1 => over Z)                     PASS
[  298s] Q. V leaves exactly: t_S <= s_i (0 bad), s_i <= N_i, the first frame of the use (0 bad), 11374 slots PASS
[  298s] Q. X_S chains nested exactly in time order (<t_S>, early V gates, deferred V gates, F; 1771 leaves)  PASS
[  305s] S. frames used only by the new steps: 4803, G-degenerate mod 2^31-1 0, reduction dimension mismatches 0 PASS
[  336s] S. side lemma (generic NE pivots, both conjugations, mod 2^31-1) on all 3084 new high-rank steps {'corner': 1049, 'slot': 16, 'ydata': 248, 'xdata': 1771} PASS
[  337s] F. round-six corner: rank sum == s (Z and F2 y supports), a_b = 62999/1000000000 (6.299900e-05), kappa = 314975156879/5000000000000000 (6.2995031e-05) ok=True, F2 a_b = 62999/1000000000 PASS
[  337s] F. staircase corner: rank sum == s (Z and F2 y supports), a_b = 31989/500000000 (6.397800e-05), kappa = 1599347676929/25000000000000000 (6.3973907e-05) ok=True, F2 a_b = 31989/500000000 PASS
[  337s] F. candidate: original headline equality inapplicable; candidate ledgers and exact certificates checked above PASS
[  338s] N. NEG reversed readout order breaks the y_T chains (11927 bad)                                      PASS
[  338s] N. NEG readouts at F0(u) instead of sigma_u break the y_T chains (3276 breaks on 300 targets)        PASS
[  338s] N. NEG perturbed sigma frames fail sigma <= F0 (200 / 200)                                           PASS
[  339s] N. NEG deferred V gates before the early ones break the X_S chains (1760 bad)                        PASS
[  339s] N. NEG side lemma with U = V = I fails (600 / 600)                                                   PASS
[  339s] ALL PASS
