$ make ordered-frames-verify
python3 research/ordered-frames/producer.py
built 23 52473 regions
built 25 73695 regions
augment 100 36960
matched 37025 seconds 9.385945081710815
compile 23 0 8 reclaimed 0 seconds 9.390912055969238
compile 23 5000 17660 reclaimed 0 seconds 9.740025043487549
augment 100 53009
compile 23 10000 20285 reclaimed 55 seconds 11.467284202575684
compile 23 15000 21671 reclaimed 125 seconds 13.419427156448364
compile 23 20000 22189 reclaimed 285 seconds 14.752137899398804
compile 23 25000 22440 reclaimed 285 seconds 15.306493282318115
compile 23 30000 23046 reclaimed 363 seconds 16.870465993881226
compile 23 35000 23601 reclaimed 435 seconds 18.21501898765564
augment 200 53109
matched 53194 seconds 26.39346194267273
compile 25 0 8 reclaimed 0 seconds 26.400116205215454
compile 25 5000 20888 reclaimed 0 seconds 26.74644112586975
compile 23 40000 25620 reclaimed 696 seconds 26.908926963806152
compile 25 10000 24873 reclaimed 0 seconds 28.00408911705017
compile 25 15000 27113 reclaimed 7 seconds 31.58409810066223
compile 25 20000 28265 reclaimed 206 seconds 34.96222400665283
compile 25 25000 28860 reclaimed 441 seconds 36.82414197921753
compile 25 30000 29084 reclaimed 441 seconds 37.36943507194519
compile 25 35000 29342 reclaimed 441 seconds 38.02908730506897
compile 25 40000 29571 reclaimed 448 seconds 38.659762144088745
compile 25 45000 30565 reclaimed 567 seconds 41.36608815193176
compile 25 50000 31067 reclaimed 616 seconds 42.86161708831787
compile 23 45000 27698 reclaimed 1021 seconds 45.5355761051178
compile 23 50000 27698 reclaimed 1021 seconds 45.59197998046875
compile 25 55000 32433 reclaimed 766 seconds 50.07526612281799
PASS produced and independently replayed h=23, roles=27698
compile 25 60000 35870 reclaimed 1291 seconds 92.85796403884888
compile 25 65000 36310 reclaimed 1366 seconds 99.93107199668884
compile 25 70000 36310 reclaimed 1366 seconds 99.9944679737091
PASS produced and independently replayed h=25, roles=36310
python3 research/ordered-frames/graph_audit.py
PASS independent scalar graph audit h=23 and h=25
python3 research/ordered-frames/check.py
profiles 10000 of 137752
profiles 20000 of 137752
profiles 30000 of 137752
CRT matrices 6049 differing modular profiles 0
RANKONE h 23 longest 21 output /var/folders/4y/j74qpf6s40540trhptstlxt40000gn/T/ordered-frame-replay-vsapr7hp/word-23.bin.profiles.json
PASS all dirty basis vectors, literal transitions and paid profiles h=23
profiles 10000 of 190523
profiles 20000 of 190523
profiles 30000 of 190523
profiles 40000 of 190523
profiles 50000 of 190523
CRT matrices 8127 differing modular profiles 0
RANKONE h 25 longest 23 output /var/folders/4y/j74qpf6s40540trhptstlxt40000gn/T/ordered-frame-replay-vsapr7hp/word-25.bin.profiles.json
PASS all dirty basis vectors, literal transitions and paid profiles h=25
PASS conditional kappa=1026571615319/20000000000000000; bit saving=6416401940549/125000000000000000
47 strict assembly inequalities, seven margins; both next grid values rejected
python3 research/ordered-frames/independent_check.py
PASS independent exact moment, paid profile, 47 constraints and seven margins
PASS source/compiler equivalence and three failure controls
$ make rank-pair-refinement-verify
python3 research/rank-pair-refinement/refine.py
PASS kappa=51027584062253/1000000000000000000; bit=25515094004731/500000000000000000
47 strict inequalities; seven margins; both adjacent grid values rejected
Absolute gain over pinned PR63: 14062253/1000000000000000000
$ python3 -m unittest discover -s tests -p test_rank_pair.py -v
test_exact_old_network_fails_new_saving (test_rank_pair.RankPairControls.test_exact_old_network_fails_new_saving) ... ok
test_nonnested_frame_is_rejected (test_rank_pair.RankPairControls.test_nonnested_frame_is_rejected) ... ok
test_omitted_literal_xor_is_rejected (test_rank_pair.RankPairControls.test_omitted_literal_xor_is_rejected) ... ok
test_omitted_paid_transition_is_rejected (test_rank_pair.RankPairControls.test_omitted_paid_transition_is_rejected) ... ok
test_optimized_python_cannot_disable_checks (test_rank_pair.RankPairControls.test_optimized_python_cannot_disable_checks) ... ok
test_understated_width_is_rejected (test_rank_pair.RankPairControls.test_understated_width_is_rejected) ... ok

----------------------------------------------------------------------
Ran 6 tests in 4.945s

OK
