
RUN /opt/homebrew/opt/python@3.14/bin/python3.14 /Users/thomasdifiore/beyond-n-log-n-refinement/research/merged-span-frames/producer.py --output /var/folders/4y/j74qpf6s40540trhptstlxt40000gn/T/merged-span-verification-s34oqwxn
built 23 78513 regions
built 25 108756 regions
matched 59832 seconds 11.279165983200073
matched 84403 seconds 15.524765968322754
carry exchanges 0 821
carry exchanges 1 136
carry exchanges 2 134
carry two-cycles 0 198
carry two-cycles 1 0
compile 23 0 8 reclaimed 0 seconds 33.498281955718994
compile 23 5000 16086 reclaimed 0 seconds 34.3496150970459
compile 23 10000 17778 reclaimed 81 seconds 34.72848677635193
compile 23 15000 19716 reclaimed 480 seconds 35.24606895446777
compile 23 20000 20575 reclaimed 830 seconds 35.68372082710266
compile 23 25000 20947 reclaimed 872 seconds 35.99489998817444
compile 23 30000 21458 reclaimed 939 seconds 36.34274983406067
compile 23 35000 21791 reclaimed 1119 seconds 36.7346670627594
compile 23 40000 22017 reclaimed 1142 seconds 37.087910890579224
compile 23 45000 22204 reclaimed 1179 seconds 37.461843967437744
compile 23 50000 22427 reclaimed 1232 seconds 37.86841082572937
compile 23 55000 22694 reclaimed 1290 seconds 38.30816316604614
compile 23 60000 23195 reclaimed 1436 seconds 38.89777994155884
compile 23 65000 23874 reclaimed 1700 seconds 39.574004888534546
compile 23 70000 25239 reclaimed 2197 seconds 40.62574887275696
compile 23 75000 26387 reclaimed 2253 seconds 41.35161900520325
{"h": 23, "mode": {"matching": true, "reclaim": true}, "roles": 26387, "baseline_pr48_roles": 36432, "histogram": {"1": 110374, "0": 399074, "2": 63844, "3": 7841, "4": 18211, "5": 4727, "6": 4396, "7": 1046, "8": 1183, "9": 489, "10": 822, "11": 292, "12": 1247, "14": 594, "13": 277, "15": 256, "16": 776, "17": 1690, "18": 1287, "19": 4518, "22": 23, "21": 427}, "rank_mass": 607407, "elementary_xors": 199138, "stats": {"augmentations": 67, "regions": 78513, "matched": 59832, "multi_node_regions": 7452, "carry_exchanges": 1091, "carry_two_cycles": 198, "live_anchor_candidates": 69960, "reclaimed": 2253, "clearing_xors": 5147, "live_anchor_xors": 430}, "dirty_basis_vectors": 29929, "complete_dirty_basis_both_orientations": true, "all_physical_frame_inclusions": true, "scalar": {"h": 23, "inputs": 1771, "partial_outputs": 5336, "additions": 84930, "roles": 90266, "merged_additions": 12904, "all_additions_disjoint": true, "all_partial_outputs_exact": true, "every_node_has_common_point": true, "circuit_sha256": "dd88562359e47b54fee18e58c9f5a6007f2f6f46ef8e73d64b4a9213d854e2ad", "dense_global_support": {"status": "PASS all global supports, exact envelopes, disjoint additions and target outputs", "nodes": 86701, "outputs": 5336, "sha256": "aa4b8d88f8b9b9b750023bef6e6dad17da3aa8063e48fbd72b2e07a7b5cee356"}}, "graph_configuration": {"anchor": true, "anchor_pairs": 6, "carry_exchange_passes": 3, "carry_two_cycle_passes": 3, "coarse": "depth", "coarse_word": "hhh", "coordinate_permutation": [5, 6, 7, 8, 9, 10, 11, 12, 13, 14, 15, 16, 18, 17, 19, 20, 21, 22, 0, 1, 3, 2, 4], "future_completion": true, "groups": ["first6", 1, 1], "node_order": "pr74", "oracle_coordinate_pricing": false, "output_mode": "baseline", "pending_next_use_cost": true, "schedule": "natural", "three_cycle_passes": 0}, "parent_word_sha256": "861bc0498bcf1600e5fb109751105bdc388f971eb95b912a65b2f9758b8fcd95", "selected_word_sha256": "87c8f3391c7be80a6af9952cba82f518c4facae5796418e4bc1c3ac6228721b8", "coordinate_relabeling": "PR74 exact bijection of sources, frames, scatter rows and output targets; ordinary and dirty columns independently replayed after relabeling", "paid_clones": 0, "index_order": "retired descending rank then slot; pending insertion order", "future_unit_completion": true, "carry_exchange_passes": 3, "carry_two_cycle_passes": 3, "pending_cost_uses_next_use_frame": true, "three_cycle_passes": 0, "oracle_coordinate_pricing": false, "node_order": "pr74", "source_r11_sha256": "64584e5521f782571fe9415fe6bb83728499f0f4d5fbff79e345328586cc7515"}
PASS fresh merged-span parent and exact coordinate action h=23, roles=26387
carry exchanges 0 634
carry exchanges 1 17
carry exchanges 2 10
carry two-cycles 0 46
carry two-cycles 1 0
compile 25 0 6 reclaimed 0 seconds 52.27332305908203
compile 25 5000 17350 reclaimed 0 seconds 60.56077814102173
compile 25 10000 22298 reclaimed 0 seconds 95.1329619884491
compile 25 15000 24820 reclaimed 549 seconds 96.69856691360474
compile 25 20000 25526 reclaimed 749 seconds 97.61522698402405
compile 25 25000 26893 reclaimed 1107 seconds 98.6872010231018
compile 25 30000 27038 reclaimed 1143 seconds 99.02890300750732
compile 25 35000 27532 reclaimed 1341 seconds 99.80116295814514
compile 25 40000 27668 reclaimed 1353 seconds 100.1324679851532
compile 25 45000 27858 reclaimed 1399 seconds 100.54614901542664
compile 25 50000 28019 reclaimed 1423 seconds 100.89941000938416
compile 25 55000 28202 reclaimed 1474 seconds 101.34629511833191
compile 25 60000 28412 reclaimed 1474 seconds 101.88484001159668
compile 25 65000 28727 reclaimed 1496 seconds 102.71909689903259
compile 25 70000 28906 reclaimed 1562 seconds 103.3667049407959
compile 25 75000 29245 reclaimed 1693 seconds 104.65386390686035
compile 25 80000 29533 reclaimed 1720 seconds 105.75363683700562
compile 25 85000 30144 reclaimed 1759 seconds 110.30975222587585
compile 25 90000 31020 reclaimed 2006 seconds 117.01488590240479
compile 25 95000 32922 reclaimed 2600 seconds 164.1235270500183
compile 25 100000 34103 reclaimed 2620 seconds 164.90648198127747
compile 25 105000 34749 reclaimed 2635 seconds 165.58361983299255
PASS fresh deferred-span package word h=25, roles=34749
PASS fresh merged-span parent and exact coordinate action h=25, roles=34749

RUN /opt/homebrew/opt/python@3.14/bin/python3.14 /Users/thomasdifiore/beyond-n-log-n-refinement/research/merged-span-frames/check.py --work /var/folders/4y/j74qpf6s40540trhptstlxt40000gn/T/merged-span-verification-s34oqwxn --workers 4
profiles 10000 of 189825
profiles 20000 of 189825
profiles 30000 of 189825
profiles 40000 of 189825
CRT matrices 5100 differing modular profiles 0
RANKONE h 23 longest 21 output /var/folders/4y/j74qpf6s40540trhptstlxt40000gn/T/merged-span-verification-s34oqwxn/word-23.bin.profiles.json
profiles 10000 of 260123
profiles 20000 of 260123
profiles 30000 of 260123
profiles 40000 of 260123
profiles 50000 of 260123
CRT matrices 5955 differing modular profiles 0
RANKONE h 25 longest 23 output /var/folders/4y/j74qpf6s40540trhptstlxt40000gn/T/merged-span-verification-s34oqwxn/word-25.bin.profiles.json
PASS complete dirty replay, literal first/last paths, exact local and merged profiles h=23
PASS complete dirty replay, literal first/last paths, exact local and merged profiles h=25
EXACT 5.6299755520126e-05 28149877760063/500000000000000000 maxchild 552 width 130377179
EXACT 5.3955378607315e-05 10791075721463/200000000000000000 maxchild 552 width 130377179
PASS complete paid ledgers, exact moments, adjacent grids and dynamic bridge

RUN /opt/homebrew/opt/python@3.14/bin/python3.14 /Users/thomasdifiore/beyond-n-log-n-refinement/research/merged-span-frames/endpoint_check.py
Multiplicative endpoint, arbitrary-dirty and actual-word eligibility audit PASS

RUN /opt/homebrew/opt/python@3.14/bin/python3.14 /Users/thomasdifiore/beyond-n-log-n-refinement/research/merged-span-frames/corner_check.py
PASS representative exact local and physical corners h 23
PASS representative exact local and physical corners h 25
PASS representative exact dense-integer corner audit

RUN /opt/homebrew/opt/python@3.14/bin/python3.14 /Users/thomasdifiore/beyond-n-log-n-refinement/research/merged-span-frames/independent_check.py
PASS independent exact removed profiles and literal endpoint ledger h 23
PASS independent exact removed profiles and literal endpoint ledger h 25
PASS independent dense removed profiles, literal paid ledger and exact assembly 28149877760063/500000000000000000

changed_frozen_files=[]
exit_code=0
