built 23 59801 regions
matched 41730 seconds 8.799315214157104
carry exchanges 0 825
carry exchanges 1 28
carry exchanges 2 17
compile 23 0 6 reclaimed 0 seconds 28.39533233642578
compile 23 5000 18200 reclaimed 0 seconds 66.1967499256134
compile 23 10000 19926 reclaimed 1073 seconds 90.71784114837646
compile 23 15000 21384 reclaimed 1083 seconds 106.18431043624878
compile 23 20000 21617 reclaimed 1405 seconds 113.30290079116821
compile 23 25000 21875 reclaimed 1467 seconds 117.51762771606445
compile 23 30000 22132 reclaimed 1482 seconds 121.14177203178406
compile 23 35000 22616 reclaimed 1562 seconds 127.8047559261322
compile 23 40000 23046 reclaimed 1688 seconds 133.93485498428345
compile 23 45000 23988 reclaimed 1788 seconds 146.83893060684204
compile 23 50000 26627 reclaimed 2373 seconds 197.74783396720886
compile 23 55000 27032 reclaimed 2378 seconds 205.6815595626831
PASS compiled envelope-scheduled axis 23 27032 region order node-asc
PASS regenerated axis 23 through this candidate's compiler.py with region order node-asc
built 25 84843 regions
matched 60971 seconds 17.854469776153564
carry exchanges 0 1578
carry exchanges 1 43
carry exchanges 2 30
compile 25 0 6 reclaimed 0 seconds 50.35760998725891
compile 25 5000 21836 reclaimed 0 seconds 101.40737748146057
compile 25 10000 24649 reclaimed 794 seconds 136.8213083744049
compile 25 15000 26322 reclaimed 1605 seconds 169.1310338973999
compile 25 20000 27828 reclaimed 1827 seconds 192.8913278579712
compile 25 25000 28110 reclaimed 2167 seconds 201.46142077445984
compile 25 30000 28341 reclaimed 2336 seconds 207.02555632591248
compile 25 35000 28571 reclaimed 2360 seconds 210.74201130867004
compile 25 40000 28870 reclaimed 2409 seconds 215.87572073936462
compile 25 45000 29108 reclaimed 2409 seconds 219.41394472122192
compile 25 50000 29419 reclaimed 2445 seconds 224.31692934036255
compile 25 55000 30185 reclaimed 2620 seconds 237.49234628677368
compile 25 60000 30346 reclaimed 2642 seconds 240.16672468185425
compile 25 65000 31268 reclaimed 2746 seconds 258.53127360343933
compile 25 70000 33628 reclaimed 3263 seconds 315.3001301288605
compile 25 75000 35172 reclaimed 3511 seconds 357.4930160045624
compile 25 80000 35431 reclaimed 3516 seconds 364.3681480884552
PASS compiled envelope-scheduled axis 25 35431 region order width-node
PASS regenerated axis 25 through this candidate's compiler.py with region order width-node
profiles 10000 of 151883
profiles 20000 of 151883
profiles 30000 of 151883
CRT matrices 5517 differing modular profiles 0
RANKONE h 23 longest 21 output /tmp/envelope-scheduled-zt531tsm/transitions-23.bin.profiles.json
PASS replay, transitions and exact profile of axis 23 (mode node-asc)
profiles 10000 of 212052
profiles 20000 of 212052
profiles 30000 of 212052
profiles 40000 of 212052
profiles 50000 of 212052
CRT matrices 7293 differing modular profiles 0
RANKONE h 25 longest 23 output /tmp/envelope-scheduled-zt531tsm/transitions-25.bin.profiles.json
PASS replay, transitions and exact profile of axis 25 (mode width-node)
PASS exact conditional scheduled kappa 10422378098629/200000000000000000 vs pinned 5203279888519/100000000000000000 (difference 15818321591/200000000000000000)
47 strict inequalities, seven margins, next-grid rejection, independent moment bounds and byte or arithmetic comparison with the pinned certificate
EXIT=0
