python3 scripts/experiments/verify_joint_dual.py
built 23 36626 regions
augment 100 11854
augment 200 11954
matched 11974 seconds 1.0952281951904297
compile 23 0 6 reclaimed 0 seconds 1.097428798675537
compile 23 5000 16729 reclaimed 19 seconds 1.3248088359832764
compile 23 10000 20965 reclaimed 172 seconds 4.626922845840454
compile 23 15000 22929 reclaimed 607 seconds 7.966738939285278
compile 23 20000 25536 reclaimed 1200 seconds 14.110852003097534
compile 23 25000 28333 reclaimed 1562 seconds 25.470014810562134
compile 23 30000 30127 reclaimed 1786 seconds 40.199289083480835
compile 23 35000 30688 reclaimed 1853 seconds 45.60265898704529
PASS h=23: full dirty basis, exact frame path, every fixed-basis profile
built 25 48675 regions
augment 100 16090
augment 200 16190
matched 16276 seconds 1.8849520683288574
compile 25 0 6 reclaimed 0 seconds 1.8881149291992188
compile 25 5000 19564 reclaimed 0 seconds 1.9888551235198975
compile 25 10000 25624 reclaimed 50 seconds 5.251406192779541
compile 25 15000 28089 reclaimed 718 seconds 9.517811059951782
compile 25 20000 29883 reclaimed 986 seconds 13.280718088150024
compile 25 25000 32329 reclaimed 1785 seconds 20.882697105407715
compile 25 30000 35471 reclaimed 2135 seconds 34.14558124542236
compile 25 35000 37806 reclaimed 2408 seconds 50.505594968795776
compile 25 40000 39609 reclaimed 2613 seconds 73.0063419342041
compile 25 45000 40338 reclaimed 2711 seconds 87.01977300643921
PASS h=25: full dirty basis, exact frame path, every fixed-basis profile
PASS conditional kappa=4764513337/100000000000000; bit saving=2382370177/50000000000000
PASS exact recurrence, 47 strict inequalities, seven margins, eventual cutoffs
python3 -m unittest discover -s tests -p 'test_joint_reclaim.py' -v
test_aliased_terminal_role_is_rejected (test_joint_reclaim.JointReclamationControls.test_aliased_terminal_role_is_rejected) ... ok
test_complete_pr58_profile_fails_new_bit_saving (test_joint_reclaim.JointReclamationControls.test_complete_pr58_profile_fails_new_bit_saving) ... ok
test_missing_copied_center_is_rejected (test_joint_reclaim.JointReclamationControls.test_missing_copied_center_is_rejected) ... ok
test_non_nested_operation_frame_is_rejected (test_joint_reclaim.JointReclamationControls.test_non_nested_operation_frame_is_rejected) ... ok
test_omitted_literal_xor_is_rejected (test_joint_reclaim.JointReclamationControls.test_omitted_literal_xor_is_rejected) ... ok
test_omitted_transition_cannot_reduce_paid_profile (test_joint_reclaim.JointReclamationControls.test_omitted_transition_cannot_reduce_paid_profile) ... ok
test_optimized_python_is_rejected_by_every_new_entry (test_joint_reclaim.JointReclamationControls.test_optimized_python_is_rejected_by_every_new_entry) ... ok
test_selected_words_pass_independent_replay (test_joint_reclaim.JointReclamationControls.test_selected_words_pass_independent_replay) ... ok
test_self_xor_is_rejected (test_joint_reclaim.JointReclamationControls.test_self_xor_is_rejected) ... ok
test_understated_physical_width_is_rejected (test_joint_reclaim.JointReclamationControls.test_understated_physical_width_is_rejected) ... ok

----------------------------------------------------------------------
Ran 10 tests in 15.990s

OK
