'KappaCheck.AlignedFrameComposition.network_counts' depends on axioms: [propext]
'KappaCheck.AlignedFrameComposition.rank_mass' depends on axioms: [propext, Quot.sound]
'KappaCheck.AlignedFrameComposition.count_1' depends on axioms: [propext, Quot.sound]
'KappaCheck.AlignedFrameComposition.count_2' depends on axioms: [propext, Quot.sound]
'KappaCheck.AlignedFrameComposition.count_3' depends on axioms: [propext, Quot.sound]
'KappaCheck.AlignedFrameComposition.count_4' depends on axioms: [propext, Quot.sound]
'KappaCheck.AlignedFrameComposition.count_5' depends on axioms: [propext, Quot.sound]
'KappaCheck.AlignedFrameComposition.count_6' depends on axioms: [propext, Quot.sound]
'KappaCheck.AlignedFrameComposition.count_7' depends on axioms: [propext, Quot.sound]
'KappaCheck.AlignedFrameComposition.count_8' depends on axioms: [propext, Quot.sound]
'KappaCheck.AlignedFrameComposition.count_9' depends on axioms: [propext, Quot.sound]
'KappaCheck.AlignedFrameComposition.count_10' depends on axioms: [propext, Quot.sound]
'KappaCheck.AlignedFrameComposition.count_11' depends on axioms: [propext, Quot.sound]
'KappaCheck.AlignedFrameComposition.count_12' depends on axioms: [propext, Quot.sound]
'KappaCheck.AlignedFrameComposition.count_13' depends on axioms: [propext, Quot.sound]
'KappaCheck.AlignedFrameComposition.count_14' depends on axioms: [propext, Quot.sound]
'KappaCheck.AlignedFrameComposition.count_15' depends on axioms: [propext, Quot.sound]
'KappaCheck.AlignedFrameComposition.count_16' depends on axioms: [propext, Quot.sound]
'KappaCheck.AlignedFrameComposition.count_17' depends on axioms: [propext, Quot.sound]
'KappaCheck.AlignedFrameComposition.count_18' depends on axioms: [propext, Quot.sound]
'KappaCheck.AlignedFrameComposition.count_19' depends on axioms: [propext, Quot.sound]
'KappaCheck.AlignedFrameComposition.count_20' depends on axioms: [propext, Quot.sound]
'KappaCheck.AlignedFrameComposition.count_21' depends on axioms: [propext, Quot.sound]
'KappaCheck.AlignedFrameComposition.count_22' depends on axioms: [propext, Quot.sound]
'KappaCheck.AlignedFrameComposition.count_23' depends on axioms: [propext, Quot.sound]
'KappaCheck.AlignedFrameComposition.count_25' depends on axioms: [propext, Quot.sound]
'KappaCheck.AlignedFrameComposition.count_481' depends on axioms: [propext, Quot.sound]
'KappaCheck.AlignedFrameComposition.count_525' depends on axioms: [propext, Quot.sound]
'KappaCheck.AlignedFrameComposition.count_529' depends on axioms: [propext, Quot.sound]
'KappaCheck.AlignedFrameComposition.complete_child_support' depends on axioms: [propext, Quot.sound]
'KappaCheck.AlignedFrameComposition.strict_child_contraction' depends on axioms: [propext, Classical.choice, Quot.sound]
'KappaCheck.AlignedFrameComposition.slack_a_positive' depends on axioms: [propext, Classical.choice, Quot.sound]
'KappaCheck.AlignedFrameComposition.slack_a_below_b' depends on axioms: [propext, Classical.choice, Quot.sound]
'KappaCheck.AlignedFrameComposition.slack_b_below_one_over32' depends on axioms: [propext, Classical.choice, Quot.sound]
'KappaCheck.AlignedFrameComposition.slack_beta_positive' depends on axioms: [propext, Classical.choice, Quot.sound]
'KappaCheck.AlignedFrameComposition.slack_beta_below_one' depends on axioms: [propext, Classical.choice, Quot.sound]
'KappaCheck.AlignedFrameComposition.slack_phase_leaf_above_bit' depends on axioms: [propext,
 Classical.choice,
 Quot.sound]
'KappaCheck.AlignedFrameComposition.slack_q_positive' depends on axioms: [propext, Classical.choice, Quot.sound]
'KappaCheck.AlignedFrameComposition.slack_q_below_internal' depends on axioms: [propext, Classical.choice, Quot.sound]
'KappaCheck.AlignedFrameComposition.slack_q_below_leaf' depends on axioms: [propext, Classical.choice, Quot.sound]
'KappaCheck.AlignedFrameComposition.slack_c_positive' depends on axioms: [propext, Classical.choice, Quot.sound]
'KappaCheck.AlignedFrameComposition.slack_c_below_one' depends on axioms: [propext, Classical.choice, Quot.sound]
'KappaCheck.AlignedFrameComposition.slack_q_below_reservations' depends on axioms: [propext,
 Classical.choice,
 Quot.sound]
'KappaCheck.AlignedFrameComposition.slack_lambda_above_tau' depends on axioms: [propext, Classical.choice, Quot.sound]
'KappaCheck.AlignedFrameComposition.slack_lambda_above_sigma' depends on axioms: [propext, Classical.choice, Quot.sound]
'KappaCheck.AlignedFrameComposition.slack_lambda_above_internal' depends on axioms: [propext,
 Classical.choice,
 Quot.sound]
'KappaCheck.AlignedFrameComposition.slack_lambda_prime_above_lambda' depends on axioms: [propext,
 Classical.choice,
 Quot.sound]
'KappaCheck.AlignedFrameComposition.slack_compact_leaf' depends on axioms: [propext, Classical.choice, Quot.sound]
'KappaCheck.AlignedFrameComposition.slack_compact_reservations' depends on axioms: [propext,
 Classical.choice,
 Quot.sound]
'KappaCheck.AlignedFrameComposition.slack_lambda_prime_below_one' depends on axioms: [propext,
 Classical.choice,
 Quot.sound]
'KappaCheck.AlignedFrameComposition.slack_epsilon_positive' depends on axioms: [propext, Classical.choice, Quot.sound]
'KappaCheck.AlignedFrameComposition.slack_epsilon_below_one' depends on axioms: [propext, Classical.choice, Quot.sound]
'KappaCheck.AlignedFrameComposition.slack_guard_width' depends on axioms: [propext, Classical.choice, Quot.sound]
'KappaCheck.AlignedFrameComposition.slack_K_geometry' depends on axioms: [propext, Classical.choice, Quot.sound]
'KappaCheck.AlignedFrameComposition.slack_K_dominates_log' depends on axioms: [propext, Classical.choice, Quot.sound]
'KappaCheck.AlignedFrameComposition.slack_record_suffix' depends on axioms: [propext, Classical.choice, Quot.sound]
'KappaCheck.AlignedFrameComposition.slack_phase_local' depends on axioms: [propext, Classical.choice, Quot.sound]
'KappaCheck.AlignedFrameComposition.slack_phase_boundary' depends on axioms: [propext, Classical.choice, Quot.sound]
'KappaCheck.AlignedFrameComposition.slack_gamma_sublinear' depends on axioms: [propext, Classical.choice, Quot.sound]
'KappaCheck.AlignedFrameComposition.slack_cell_above_band' depends on axioms: [propext, Classical.choice, Quot.sound]
'KappaCheck.AlignedFrameComposition.slack_prime_interval_packing' depends on axioms: [propext,
 Classical.choice,
 Quot.sound]
'KappaCheck.AlignedFrameComposition.slack_alpha_positive' depends on axioms: [propext, Classical.choice, Quot.sound]
'KappaCheck.AlignedFrameComposition.slack_alpha_below_one' depends on axioms: [propext, Classical.choice, Quot.sound]
'KappaCheck.AlignedFrameComposition.slack_alpha_below_one_fourth' depends on axioms: [propext,
 Classical.choice,
 Quot.sound]
'KappaCheck.AlignedFrameComposition.slack_delta_positive' depends on axioms: [propext, Classical.choice, Quot.sound]
'KappaCheck.AlignedFrameComposition.slack_delta_below_one_eighth' depends on axioms: [propext,
 Classical.choice,
 Quot.sound]
'KappaCheck.AlignedFrameComposition.slack_short_record_fallback' depends on axioms: [propext,
 Classical.choice,
 Quot.sound]
'KappaCheck.AlignedFrameComposition.slack_small_field_exposure' depends on axioms: [propext,
 Classical.choice,
 Quot.sound]
'KappaCheck.AlignedFrameComposition.slack_artificial_boundary' depends on axioms: [propext,
 Classical.choice,
 Quot.sound]
'KappaCheck.AlignedFrameComposition.slack_literal_scalar_guard' depends on axioms: [propext,
 Classical.choice,
 Quot.sound]
'KappaCheck.AlignedFrameComposition.slack_row_product_gap' depends on axioms: [propext, Classical.choice, Quot.sound]
'KappaCheck.AlignedFrameComposition.slack_g1_above_kappa' depends on axioms: [propext, Classical.choice, Quot.sound]
'KappaCheck.AlignedFrameComposition.slack_g2_above_kappa' depends on axioms: [propext, Classical.choice, Quot.sound]
'KappaCheck.AlignedFrameComposition.slack_g3_above_kappa' depends on axioms: [propext, Classical.choice, Quot.sound]
'KappaCheck.AlignedFrameComposition.slack_g4_above_kappa' depends on axioms: [propext, Classical.choice, Quot.sound]
'KappaCheck.AlignedFrameComposition.slack_g5_above_kappa' depends on axioms: [propext, Classical.choice, Quot.sound]
'KappaCheck.AlignedFrameComposition.slack_g6_above_kappa' depends on axioms: [propext, Classical.choice, Quot.sound]
'KappaCheck.AlignedFrameComposition.slack_g7_above_kappa' depends on axioms: [propext, Classical.choice, Quot.sound]
'KappaCheck.AlignedFrameComposition.margins_strict' depends on axioms: [propext, Classical.choice, Quot.sound]
'KappaCheck.AlignedFrameComposition.balanced_identities' depends on axioms: [propext, Classical.choice, Quot.sound]
'KappaCheck.AlignedFrameComposition.controlling_margin' depends on axioms: [propext, Classical.choice, Quot.sound]
'KappaCheck.AlignedFrameComposition.gain_over_original' depends on axioms: [propext, Classical.choice, Quot.sound]
'KappaCheck.AlignedFrameComposition.finite_bridge' depends on axioms: [propext, Classical.choice, Quot.sound]
'KappaCheck.AlignedFrameComposition.accepted_interval_1' depends on axioms: [propext, Classical.choice, Quot.sound]
'KappaCheck.AlignedFrameComposition.accepted_taylor_1' depends on axioms: [propext, Classical.choice, Quot.sound]
'KappaCheck.AlignedFrameComposition.accepted_interval_2' depends on axioms: [propext, Classical.choice, Quot.sound]
'KappaCheck.AlignedFrameComposition.accepted_taylor_2' depends on axioms: [propext, Classical.choice, Quot.sound]
'KappaCheck.AlignedFrameComposition.accepted_interval_3' depends on axioms: [propext, Classical.choice, Quot.sound]
'KappaCheck.AlignedFrameComposition.accepted_taylor_3' depends on axioms: [propext, Classical.choice, Quot.sound]
'KappaCheck.AlignedFrameComposition.accepted_interval_4' depends on axioms: [propext, Classical.choice, Quot.sound]
'KappaCheck.AlignedFrameComposition.accepted_taylor_4' depends on axioms: [propext, Classical.choice, Quot.sound]
'KappaCheck.AlignedFrameComposition.accepted_interval_5' depends on axioms: [propext, Classical.choice, Quot.sound]
'KappaCheck.AlignedFrameComposition.accepted_taylor_5' depends on axioms: [propext, Classical.choice, Quot.sound]
'KappaCheck.AlignedFrameComposition.accepted_interval_6' depends on axioms: [propext, Classical.choice, Quot.sound]
'KappaCheck.AlignedFrameComposition.accepted_taylor_6' depends on axioms: [propext, Classical.choice, Quot.sound]
'KappaCheck.AlignedFrameComposition.accepted_interval_7' depends on axioms: [propext, Classical.choice, Quot.sound]
'KappaCheck.AlignedFrameComposition.accepted_taylor_7' depends on axioms: [propext, Classical.choice, Quot.sound]
'KappaCheck.AlignedFrameComposition.accepted_interval_8' depends on axioms: [propext, Classical.choice, Quot.sound]
'KappaCheck.AlignedFrameComposition.accepted_taylor_8' depends on axioms: [propext, Classical.choice, Quot.sound]
'KappaCheck.AlignedFrameComposition.accepted_interval_9' depends on axioms: [propext, Classical.choice, Quot.sound]
'KappaCheck.AlignedFrameComposition.accepted_taylor_9' depends on axioms: [propext, Classical.choice, Quot.sound]
'KappaCheck.AlignedFrameComposition.accepted_interval_10' depends on axioms: [propext, Classical.choice, Quot.sound]
'KappaCheck.AlignedFrameComposition.accepted_taylor_10' depends on axioms: [propext, Classical.choice, Quot.sound]
'KappaCheck.AlignedFrameComposition.accepted_interval_11' depends on axioms: [propext, Classical.choice, Quot.sound]
'KappaCheck.AlignedFrameComposition.accepted_taylor_11' depends on axioms: [propext, Classical.choice, Quot.sound]
'KappaCheck.AlignedFrameComposition.accepted_interval_12' depends on axioms: [propext, Classical.choice, Quot.sound]
'KappaCheck.AlignedFrameComposition.accepted_taylor_12' depends on axioms: [propext, Classical.choice, Quot.sound]
'KappaCheck.AlignedFrameComposition.accepted_interval_13' depends on axioms: [propext, Classical.choice, Quot.sound]
'KappaCheck.AlignedFrameComposition.accepted_taylor_13' depends on axioms: [propext, Classical.choice, Quot.sound]
'KappaCheck.AlignedFrameComposition.accepted_interval_14' depends on axioms: [propext, Classical.choice, Quot.sound]
'KappaCheck.AlignedFrameComposition.accepted_taylor_14' depends on axioms: [propext, Classical.choice, Quot.sound]
'KappaCheck.AlignedFrameComposition.accepted_interval_15' depends on axioms: [propext, Classical.choice, Quot.sound]
'KappaCheck.AlignedFrameComposition.accepted_taylor_15' depends on axioms: [propext, Classical.choice, Quot.sound]
'KappaCheck.AlignedFrameComposition.accepted_interval_16' depends on axioms: [propext, Classical.choice, Quot.sound]
'KappaCheck.AlignedFrameComposition.accepted_taylor_16' depends on axioms: [propext, Classical.choice, Quot.sound]
'KappaCheck.AlignedFrameComposition.accepted_interval_17' depends on axioms: [propext, Classical.choice, Quot.sound]
'KappaCheck.AlignedFrameComposition.accepted_taylor_17' depends on axioms: [propext, Classical.choice, Quot.sound]
'KappaCheck.AlignedFrameComposition.accepted_interval_18' depends on axioms: [propext, Classical.choice, Quot.sound]
'KappaCheck.AlignedFrameComposition.accepted_taylor_18' depends on axioms: [propext, Classical.choice, Quot.sound]
'KappaCheck.AlignedFrameComposition.accepted_interval_19' depends on axioms: [propext, Classical.choice, Quot.sound]
'KappaCheck.AlignedFrameComposition.accepted_taylor_19' depends on axioms: [propext, Classical.choice, Quot.sound]
'KappaCheck.AlignedFrameComposition.accepted_interval_20' depends on axioms: [propext, Classical.choice, Quot.sound]
'KappaCheck.AlignedFrameComposition.accepted_taylor_20' depends on axioms: [propext, Classical.choice, Quot.sound]
'KappaCheck.AlignedFrameComposition.accepted_interval_21' depends on axioms: [propext, Classical.choice, Quot.sound]
'KappaCheck.AlignedFrameComposition.accepted_taylor_21' depends on axioms: [propext, Classical.choice, Quot.sound]
'KappaCheck.AlignedFrameComposition.accepted_interval_22' depends on axioms: [propext, Classical.choice, Quot.sound]
'KappaCheck.AlignedFrameComposition.accepted_taylor_22' depends on axioms: [propext, Classical.choice, Quot.sound]
'KappaCheck.AlignedFrameComposition.accepted_interval_23' depends on axioms: [propext, Classical.choice, Quot.sound]
'KappaCheck.AlignedFrameComposition.accepted_taylor_23' depends on axioms: [propext, Classical.choice, Quot.sound]
'KappaCheck.AlignedFrameComposition.accepted_interval_25' depends on axioms: [propext, Classical.choice, Quot.sound]
'KappaCheck.AlignedFrameComposition.accepted_taylor_25' depends on axioms: [propext, Classical.choice, Quot.sound]
'KappaCheck.AlignedFrameComposition.accepted_interval_481' depends on axioms: [propext, Classical.choice, Quot.sound]
'KappaCheck.AlignedFrameComposition.accepted_taylor_481' depends on axioms: [propext, Classical.choice, Quot.sound]
'KappaCheck.AlignedFrameComposition.accepted_interval_525' depends on axioms: [propext, Classical.choice, Quot.sound]
'KappaCheck.AlignedFrameComposition.accepted_taylor_525' depends on axioms: [propext, Classical.choice, Quot.sound]
'KappaCheck.AlignedFrameComposition.accepted_interval_529' depends on axioms: [propext, Classical.choice, Quot.sound]
'KappaCheck.AlignedFrameComposition.accepted_taylor_529' depends on axioms: [propext, Classical.choice, Quot.sound]
'KappaCheck.AlignedFrameComposition.accepted_profile_link' depends on axioms: [propext, Classical.choice, Quot.sound]
'KappaCheck.AlignedFrameComposition.accepted_moment' depends on axioms: [propext, Classical.choice, Quot.sound]
'KappaCheck.AlignedFrameComposition.accepted_paid_moment' depends on axioms: [propext, Classical.choice, Quot.sound]
'KappaCheck.AlignedFrameComposition.rejected_interval_1' depends on axioms: [propext, Classical.choice, Quot.sound]
'KappaCheck.AlignedFrameComposition.rejected_taylor_1' depends on axioms: [propext, Classical.choice, Quot.sound]
'KappaCheck.AlignedFrameComposition.rejected_interval_2' depends on axioms: [propext, Classical.choice, Quot.sound]
'KappaCheck.AlignedFrameComposition.rejected_taylor_2' depends on axioms: [propext, Classical.choice, Quot.sound]
'KappaCheck.AlignedFrameComposition.rejected_interval_3' depends on axioms: [propext, Classical.choice, Quot.sound]
'KappaCheck.AlignedFrameComposition.rejected_taylor_3' depends on axioms: [propext, Classical.choice, Quot.sound]
'KappaCheck.AlignedFrameComposition.rejected_interval_4' depends on axioms: [propext, Classical.choice, Quot.sound]
'KappaCheck.AlignedFrameComposition.rejected_taylor_4' depends on axioms: [propext, Classical.choice, Quot.sound]
'KappaCheck.AlignedFrameComposition.rejected_interval_5' depends on axioms: [propext, Classical.choice, Quot.sound]
'KappaCheck.AlignedFrameComposition.rejected_taylor_5' depends on axioms: [propext, Classical.choice, Quot.sound]
'KappaCheck.AlignedFrameComposition.rejected_interval_6' depends on axioms: [propext, Classical.choice, Quot.sound]
'KappaCheck.AlignedFrameComposition.rejected_taylor_6' depends on axioms: [propext, Classical.choice, Quot.sound]
'KappaCheck.AlignedFrameComposition.rejected_interval_7' depends on axioms: [propext, Classical.choice, Quot.sound]
'KappaCheck.AlignedFrameComposition.rejected_taylor_7' depends on axioms: [propext, Classical.choice, Quot.sound]
'KappaCheck.AlignedFrameComposition.rejected_interval_8' depends on axioms: [propext, Classical.choice, Quot.sound]
'KappaCheck.AlignedFrameComposition.rejected_taylor_8' depends on axioms: [propext, Classical.choice, Quot.sound]
'KappaCheck.AlignedFrameComposition.rejected_interval_9' depends on axioms: [propext, Classical.choice, Quot.sound]
'KappaCheck.AlignedFrameComposition.rejected_taylor_9' depends on axioms: [propext, Classical.choice, Quot.sound]
'KappaCheck.AlignedFrameComposition.rejected_interval_10' depends on axioms: [propext, Classical.choice, Quot.sound]
'KappaCheck.AlignedFrameComposition.rejected_taylor_10' depends on axioms: [propext, Classical.choice, Quot.sound]
'KappaCheck.AlignedFrameComposition.rejected_interval_11' depends on axioms: [propext, Classical.choice, Quot.sound]
'KappaCheck.AlignedFrameComposition.rejected_taylor_11' depends on axioms: [propext, Classical.choice, Quot.sound]
'KappaCheck.AlignedFrameComposition.rejected_interval_12' depends on axioms: [propext, Classical.choice, Quot.sound]
'KappaCheck.AlignedFrameComposition.rejected_taylor_12' depends on axioms: [propext, Classical.choice, Quot.sound]
'KappaCheck.AlignedFrameComposition.rejected_interval_13' depends on axioms: [propext, Classical.choice, Quot.sound]
'KappaCheck.AlignedFrameComposition.rejected_taylor_13' depends on axioms: [propext, Classical.choice, Quot.sound]
'KappaCheck.AlignedFrameComposition.rejected_interval_14' depends on axioms: [propext, Classical.choice, Quot.sound]
'KappaCheck.AlignedFrameComposition.rejected_taylor_14' depends on axioms: [propext, Classical.choice, Quot.sound]
'KappaCheck.AlignedFrameComposition.rejected_interval_15' depends on axioms: [propext, Classical.choice, Quot.sound]
'KappaCheck.AlignedFrameComposition.rejected_taylor_15' depends on axioms: [propext, Classical.choice, Quot.sound]
'KappaCheck.AlignedFrameComposition.rejected_interval_16' depends on axioms: [propext, Classical.choice, Quot.sound]
'KappaCheck.AlignedFrameComposition.rejected_taylor_16' depends on axioms: [propext, Classical.choice, Quot.sound]
'KappaCheck.AlignedFrameComposition.rejected_interval_17' depends on axioms: [propext, Classical.choice, Quot.sound]
'KappaCheck.AlignedFrameComposition.rejected_taylor_17' depends on axioms: [propext, Classical.choice, Quot.sound]
'KappaCheck.AlignedFrameComposition.rejected_interval_18' depends on axioms: [propext, Classical.choice, Quot.sound]
'KappaCheck.AlignedFrameComposition.rejected_taylor_18' depends on axioms: [propext, Classical.choice, Quot.sound]
'KappaCheck.AlignedFrameComposition.rejected_interval_19' depends on axioms: [propext, Classical.choice, Quot.sound]
'KappaCheck.AlignedFrameComposition.rejected_taylor_19' depends on axioms: [propext, Classical.choice, Quot.sound]
'KappaCheck.AlignedFrameComposition.rejected_interval_20' depends on axioms: [propext, Classical.choice, Quot.sound]
'KappaCheck.AlignedFrameComposition.rejected_taylor_20' depends on axioms: [propext, Classical.choice, Quot.sound]
'KappaCheck.AlignedFrameComposition.rejected_interval_21' depends on axioms: [propext, Classical.choice, Quot.sound]
'KappaCheck.AlignedFrameComposition.rejected_taylor_21' depends on axioms: [propext, Classical.choice, Quot.sound]
'KappaCheck.AlignedFrameComposition.rejected_interval_22' depends on axioms: [propext, Classical.choice, Quot.sound]
'KappaCheck.AlignedFrameComposition.rejected_taylor_22' depends on axioms: [propext, Classical.choice, Quot.sound]
'KappaCheck.AlignedFrameComposition.rejected_interval_23' depends on axioms: [propext, Classical.choice, Quot.sound]
'KappaCheck.AlignedFrameComposition.rejected_taylor_23' depends on axioms: [propext, Classical.choice, Quot.sound]
'KappaCheck.AlignedFrameComposition.rejected_interval_25' depends on axioms: [propext, Classical.choice, Quot.sound]
'KappaCheck.AlignedFrameComposition.rejected_taylor_25' depends on axioms: [propext, Classical.choice, Quot.sound]
'KappaCheck.AlignedFrameComposition.rejected_interval_481' depends on axioms: [propext, Classical.choice, Quot.sound]
'KappaCheck.AlignedFrameComposition.rejected_taylor_481' depends on axioms: [propext, Classical.choice, Quot.sound]
'KappaCheck.AlignedFrameComposition.rejected_interval_525' depends on axioms: [propext, Classical.choice, Quot.sound]
'KappaCheck.AlignedFrameComposition.rejected_taylor_525' depends on axioms: [propext, Classical.choice, Quot.sound]
'KappaCheck.AlignedFrameComposition.rejected_interval_529' depends on axioms: [propext, Classical.choice, Quot.sound]
'KappaCheck.AlignedFrameComposition.rejected_taylor_529' depends on axioms: [propext, Classical.choice, Quot.sound]
'KappaCheck.AlignedFrameComposition.rejected_profile_link' depends on axioms: [propext, Classical.choice, Quot.sound]
'KappaCheck.AlignedFrameComposition.rejected_moment' depends on axioms: [propext, Classical.choice, Quot.sound]
'KappaCheck.AlignedFrameComposition.rejected_paid_moment' depends on axioms: [propext, Classical.choice, Quot.sound]
	Command being timed: "lake env lean AlignedFrameComposition.lean"
	User time (seconds): 86.36
	System time (seconds): 4.12
	Percent of CPU this job got: 484%
	Elapsed (wall clock) time (h:mm:ss or m:ss): 0:18.69
	Average shared text size (kbytes): 0
	Average unshared data size (kbytes): 0
	Average stack size (kbytes): 0
	Average total size (kbytes): 0
	Maximum resident set size (kbytes): 1754196
	Average resident set size (kbytes): 0
	Major (requiring I/O) page faults: 0
	Minor (reclaiming a frame) page faults: 129151
	Voluntary context switches: 148375
	Involuntary context switches: 5479
	Swaps: 0
	File system inputs: 0
	File system outputs: 48
	Socket messages sent: 0
	Socket messages received: 0
	Signals delivered: 0
	Page size (bytes): 4096
	Exit status: 0
