'DirtyComplementSafety.vxor_cancel_right' depends on axioms: [Quot.sound]
'DirtyComplementSafety.vxor_cancel_middle' depends on axioms: [Quot.sound]
'DirtyComplementSafety.xorUpdate_involution' depends on axioms: [propext, Quot.sound]
'DirtyComplementSafety.xorUpdate_linear' depends on axioms: [propext, Quot.sound]
'DirtyComplementSafety.runWord_append' depends on axioms: [propext]
'DirtyComplementSafety.runWord_inverse' depends on axioms: [propext, Quot.sound]
'DirtyComplementSafety.runWord_linear' depends on axioms: [propext, Quot.sound]
'DirtyComplementSafety.dirtyWord_transfer' depends on axioms: [Quot.sound]
'DirtyComplementSafety.complement_independent_transfer' depends on axioms: [propext, Quot.sound]
'DirtyComplementSafety.legal_word_dirty_transfer' depends on axioms: [propext, Quot.sound]
'DirtyComplementSafety.legal_word_shear' depends on axioms: [propext, Quot.sound]
'FreshKernelReclaim.providerXor_congr' depends on axioms: [propext]
'FreshKernelReclaim.clear_other_coordinate' depends on axioms: [propext]
'FreshKernelReclaim.providers_unchanged' depends on axioms: [propext]
'FreshKernelReclaim.clearing_involution' depends on axioms: [propext, Quot.sound]
'FreshKernelReclaim.fresh_kernel_coordinate' depends on axioms: [propext]
'FreshKernelReclaim.fresh_mandatory_coordinate_preserved' depends on axioms: [propext]
'FreshKernelReclaim.dirty_zero_counterexample' does not depend on any axioms
'CoordinateConjugacy.rename_inverse' depends on axioms: [Quot.sound]
'CoordinateConjugacy.rename_xor' does not depend on any axioms
'CoordinateConjugacy.xor_gate_conjugacy' depends on axioms: [propext, Quot.sound]
'CoordinateConjugacy.complete_word_conjugacy' depends on axioms: [propext, Quot.sound]
'CoordinateConjugacy.renamed_word_legal' depends on axioms: [propext, Quot.sound]
'CoordinateConjugacy.subset_renaming_iff' does not depend on any axioms
'CoordinateConjugacy.frame_containment_renaming' depends on axioms: [propext]
'CoordinateConjugacy.equality_preserved' does not depend on any axioms
'CoordinateConjugacy.ij_entry_invariant' depends on axioms: [propext]
'CoordinateConjugacy.list_points_inverse' depends on axioms: [propext]
'CoordinateConjugacy.mapped_triple_length' depends on axioms: [propext]
'CoordinateConjugacy.point_map_preserves_unordered_equivalence' depends on axioms: [propext, Quot.sound]
'FrontierRationalCertificate.check_sound' depends on axioms: [propext, Classical.choice, Quot.sound]
'FrontierRationalCertificate.rational_enclosed_moment' depends on axioms: [propext, Classical.choice, Quot.sound]
'FrontierRationalCertificate.analytic_enclosure_contract' depends on axioms: [propext, Classical.choice, Quot.sound]
'FrontierRationalCertificate.checked_frontier_strict' depends on axioms: [propext, Classical.choice, Quot.sound]
'RankFlowPrice.clearing_target_rank_delta' depends on axioms: [propext, Quot.sound]
'RankFlowPrice.clearing_provider_rank_delta' depends on axioms: [propext, Quot.sound]
'RankFlowPrice.carried_edge_rank_delta' depends on axioms: [propext, Quot.sound]
'RankFlowPrice.constant_shift_preserves_order_and_minimizers' depends on axioms: [propext, Classical.choice, Quot.sound]
'RefinedFrontierCertificate.weighted_numerator_exact' depends on axioms: [propext, Classical.choice, Quot.sound]
'RefinedFrontierCertificate.profile_rank_mass' depends on axioms: [propext, Classical.choice, Quot.sound]
'RefinedFrontierCertificate.profile_row_count' depends on axioms: [propext, Classical.choice, Quot.sound]
'RefinedFrontierCertificate.assembly_row_count' depends on axioms: [propext, Classical.choice, Quot.sound]
'RefinedFrontierCertificate.pade_rounding_checked' depends on axioms: [propext, Classical.choice, Quot.sound]
'RefinedFrontierCertificate.finite_checks_pass' depends on axioms: [propext, Classical.choice, Quot.sound]
'RefinedFrontierCertificate.rational_moment_upper_below_one' depends on axioms: [propext, Classical.choice, Quot.sound]
'RefinedFrontierCertificate.every_assembly_slack_positive' depends on axioms: [propext, Classical.choice, Quot.sound]
'RefinedFrontierCertificate.exceeds_old_scoped_limit' depends on axioms: [propext, Classical.choice, Quot.sound]
'RefinedFrontierCertificate.published_below_old_scope' depends on axioms: [propext, Classical.choice, Quot.sound]
'RefinedFrontierCertificate.exceeds_old_published' depends on axioms: [propext, Classical.choice, Quot.sound]
'RefinedFrontierCertificate.old_profile_rank_mass' depends on axioms: [propext, Classical.choice, Quot.sound]
'RefinedFrontierCertificate.old_weighted_numerator_exact' depends on axioms: [propext, Classical.choice, Quot.sound]
'RefinedFrontierCertificate.old_taylor_rounding_checked' depends on axioms: [propext, Classical.choice, Quot.sound]
'RefinedFrontierCertificate.old_profile_lower_above_one' depends on axioms: [propext, Classical.choice, Quot.sound]
